Component: ARM Compiler 5.06 update 4 (build 422) Tool: armlink [4d35d2]

==============================================================================

Section Cross References

    main.o(i.ADC_IRQHandler) refers to uidiv.o(.text) for __aeabi_uidivmod
    main.o(i.ADC_IRQHandler) refers to printf1.o(i.__0printf$1) for __2printf
    main.o(i.ADC_IRQHandler) refers to main.o(.data) for .data
    main.o(i.advdata_update) refers to printf1.o(i.__0printf$1) for __2printf
    main.o(i.advdata_update) refers to main.o(i.battery_level_get) for battery_level_get
    main.o(i.advdata_update) refers to memseta.o(.text) for __aeabi_memclr4
    main.o(i.advdata_update) refers to ble_advdata.o(i.ble_advdata_set) for ble_advdata_set
    main.o(i.advdata_update) refers to main.o(.data) for .data
    main.o(i.advdata_update_timer_timeout_handler) refers to printf1.o(i.__0printf$1) for __2printf
    main.o(i.advdata_update_timer_timeout_handler) refers to main.o(i.advdata_update) for advdata_update
    main.o(i.advertising_start) refers to printf1.o(i.__0printf$1) for __2printf
    main.o(i.advertising_start) refers to memseta.o(.text) for __aeabi_memclr4
    main.o(i.advertising_start) refers to main.o(.bss) for .bss
    main.o(i.assert_nrf_callback) refers to app_error.o(i.app_error_handler) for app_error_handler
    main.o(i.battery_level_get) refers to uidiv.o(.text) for __aeabi_uidivmod
    main.o(i.ble_evt_dispatch) refers to ble_conn_params.o(i.ble_conn_params_on_ble_evt) for ble_conn_params_on_ble_evt
    main.o(i.ble_evt_dispatch) refers to ble_nus.o(i.ble_nus_on_ble_evt) for ble_nus_on_ble_evt
    main.o(i.ble_evt_dispatch) refers to main.o(i.on_ble_evt) for on_ble_evt
    main.o(i.ble_evt_dispatch) refers to ble_advertising.o(i.ble_advertising_on_ble_evt) for ble_advertising_on_ble_evt
    main.o(i.ble_evt_dispatch) refers to bsp_btn_ble.o(i.bsp_btn_ble_on_ble_evt) for bsp_btn_ble_on_ble_evt
    main.o(i.ble_evt_dispatch) refers to main.o(.bss) for .bss
    main.o(i.bsp_event_handler) refers to bsp.o(i.bsp_indication_set) for bsp_indication_set
    main.o(i.bsp_event_handler) refers to app_error.o(i.app_error_handler) for app_error_handler
    main.o(i.bsp_event_handler) refers to bsp_btn_ble.o(i.bsp_btn_ble_sleep_mode_prepare) for bsp_btn_ble_sleep_mode_prepare
    main.o(i.bsp_event_handler) refers to ble_advertising.o(i.ble_advertising_restart_without_whitelist) for ble_advertising_restart_without_whitelist
    main.o(i.bsp_event_handler) refers to main.o(.data) for .data
    main.o(i.main) refers to app_timer.o(i.app_timer_init) for app_timer_init
    main.o(i.main) refers to app_error.o(i.app_error_handler) for app_error_handler
    main.o(i.main) refers to app_uart_fifo.o(i.app_uart_init) for app_uart_init
    main.o(i.main) refers to printf1.o(i.__0printf$1) for __2printf
    main.o(i.main) refers to softdevice_handler.o(i.softdevice_handler_init) for softdevice_handler_init
    main.o(i.main) refers to softdevice_handler.o(i.softdevice_ble_evt_handler_set) for softdevice_ble_evt_handler_set
    main.o(i.main) refers to app_timer.o(i.app_timer_create) for app_timer_create
    main.o(i.main) refers to main.o(i.advdata_update) for advdata_update
    main.o(i.main) refers to app_timer.o(i.app_timer_start) for app_timer_start
    main.o(i.main) refers to main.o(i.advertising_start) for advertising_start
    main.o(i.main) refers to main.o(.bss) for .bss
    main.o(i.main) refers to main.o(.constdata) for .constdata
    main.o(i.main) refers to main.o(i.uart_event_handle) for uart_event_handle
    main.o(i.main) refers to main.o(i.ble_evt_dispatch) for ble_evt_dispatch
    main.o(i.main) refers to main.o(i.advdata_update_timer_timeout_handler) for advdata_update_timer_timeout_handler
    main.o(i.on_ble_evt) refers to app_error.o(i.app_error_handler) for app_error_handler
    main.o(i.on_ble_evt) refers to bsp.o(i.bsp_indication_set) for bsp_indication_set
    main.o(i.on_ble_evt) refers to main.o(.data) for .data
    main.o(i.uart_event_handle) refers to app_error.o(i.app_error_handler) for app_error_handler
    main.o(i.uart_event_handle) refers to app_uart_fifo.o(i.app_uart_get) for app_uart_get
    main.o(i.uart_event_handle) refers to ble_nus.o(i.ble_nus_string_send) for ble_nus_string_send
    main.o(i.uart_event_handle) refers to main.o(.bss) for .bss
    main.o(i.uart_event_handle) refers to main.o(.data) for .data
    main.o(.constdata) refers to main.o(.bss) for m_advdata_update_timer_data
    bsp.o(i.bsp_button_event_handler) refers to app_timer.o(i.app_timer_start) for app_timer_start
    bsp.o(i.bsp_button_event_handler) refers to app_timer.o(i.app_timer_stop) for app_timer_stop
    bsp.o(i.bsp_button_event_handler) refers to bsp.o(.constdata) for .constdata
    bsp.o(i.bsp_button_event_handler) refers to bsp.o(.bss) for .bss
    bsp.o(i.bsp_button_event_handler) refers to bsp.o(.data) for .data
    bsp.o(i.bsp_button_is_pressed) refers to bsp.o(.constdata) for .constdata
[...]
    printf6.o(i.__0sprintf$6) refers to printf6.o(i._sputc) for _sputc
    printf6.o(i.__0vfprintf$6) refers to printf6.o(i._printf_core) for _printf_core
    printf6.o(i.__0vfprintf$6) refers to retarget.o(i.fputc) for fputc
    printf6.o(i.__0vprintf$6) refers to printf6.o(i._printf_core) for _printf_core
    printf6.o(i.__0vprintf$6) refers to retarget.o(i.fputc) for fputc
    printf6.o(i.__0vprintf$6) refers to retarget.o(.data) for __stdout
    printf6.o(i.__0vsnprintf$6) refers to printf6.o(i._printf_core) for _printf_core
    printf6.o(i.__0vsnprintf$6) refers to printf6.o(i._snputc) for _snputc
    printf6.o(i.__0vsprintf$6) refers to printf6.o(i._printf_core) for _printf_core
    printf6.o(i.__0vsprintf$6) refers to printf6.o(i._sputc) for _sputc
    printf6.o(i._printf_core) refers to printf6.o(i._printf_pre_padding) for _printf_pre_padding
    printf6.o(i._printf_core) refers to printf6.o(i._printf_post_padding) for _printf_post_padding
    printf6.o(i._printf_core) refers to uidiv.o(.text) for __aeabi_uidivmod
    printf7.o(i.__0fprintf$7) refers to printf7.o(i._printf_core) for _printf_core
    printf7.o(i.__0fprintf$7) refers to retarget.o(i.fputc) for fputc
    printf7.o(i.__0printf$7) refers to printf7.o(i._printf_core) for _printf_core
    printf7.o(i.__0printf$7) refers to retarget.o(i.fputc) for fputc
    printf7.o(i.__0printf$7) refers to retarget.o(.data) for __stdout
    printf7.o(i.__0snprintf$7) refers to printf7.o(i._printf_core) for _printf_core
    printf7.o(i.__0snprintf$7) refers to printf7.o(i._snputc) for _snputc
    printf7.o(i.__0sprintf$7) refers to printf7.o(i._printf_core) for _printf_core
    printf7.o(i.__0sprintf$7) refers to printf7.o(i._sputc) for _sputc
    printf7.o(i.__0vfprintf$7) refers to printf7.o(i._printf_core) for _printf_core
    printf7.o(i.__0vfprintf$7) refers to retarget.o(i.fputc) for fputc
    printf7.o(i.__0vprintf$7) refers to printf7.o(i._printf_core) for _printf_core
    printf7.o(i.__0vprintf$7) refers to retarget.o(i.fputc) for fputc
    printf7.o(i.__0vprintf$7) refers to retarget.o(.data) for __stdout
    printf7.o(i.__0vsnprintf$7) refers to printf7.o(i._printf_core) for _printf_core
    printf7.o(i.__0vsnprintf$7) refers to printf7.o(i._snputc) for _snputc
    printf7.o(i.__0vsprintf$7) refers to printf7.o(i._printf_core) for _printf_core
    printf7.o(i.__0vsprintf$7) refers to printf7.o(i._sputc) for _sputc
    printf7.o(i._printf_core) refers to printf7.o(i._printf_pre_padding) for _printf_pre_padding
    printf7.o(i._printf_core) refers to printf7.o(i._printf_post_padding) for _printf_post_padding
    printf7.o(i._printf_core) refers to uldiv.o(.text) for __aeabi_uldivmod
    printf8.o(i.__0fprintf$8) refers to printf8.o(i._printf_core) for _printf_core
    printf8.o(i.__0fprintf$8) refers to retarget.o(i.fputc) for fputc
    printf8.o(i.__0printf$8) refers to printf8.o(i._printf_core) for _printf_core
    printf8.o(i.__0printf$8) refers to retarget.o(i.fputc) for fputc
    printf8.o(i.__0printf$8) refers to retarget.o(.data) for __stdout
    printf8.o(i.__0snprintf$8) refers to printf8.o(i._printf_core) for _printf_core
    printf8.o(i.__0snprintf$8) refers to printf8.o(i._snputc) for _snputc
    printf8.o(i.__0sprintf$8) refers to printf8.o(i._printf_core) for _printf_core
    printf8.o(i.__0sprintf$8) refers to printf8.o(i._sputc) for _sputc
    printf8.o(i.__0vfprintf$8) refers to printf8.o(i._printf_core) for _printf_core
    printf8.o(i.__0vfprintf$8) refers to retarget.o(i.fputc) for fputc
    printf8.o(i.__0vprintf$8) refers to printf8.o(i._printf_core) for _printf_core
    printf8.o(i.__0vprintf$8) refers to retarget.o(i.fputc) for fputc
    printf8.o(i.__0vprintf$8) refers to retarget.o(.data) for __stdout
    printf8.o(i.__0vsnprintf$8) refers to printf8.o(i._printf_core) for _printf_core
    printf8.o(i.__0vsnprintf$8) refers to printf8.o(i._snputc) for _snputc
    printf8.o(i.__0vsprintf$8) refers to printf8.o(i._printf_core) for _printf_core
    printf8.o(i.__0vsprintf$8) refers to printf8.o(i._sputc) for _sputc
    printf8.o(i._printf_core) refers to printf8.o(i._printf_pre_padding) for _printf_pre_padding
    printf8.o(i._printf_core) refers to printf8.o(i._printf_post_padding) for _printf_post_padding
    printf8.o(i._printf_core) refers to uldiv.o(.text) for __aeabi_uldivmod
    printfa.o(i.__0fprintf) refers (Special) to iusefp.o(.text) for __I$use$fp
    printfa.o(i.__0fprintf) refers to printfa.o(i._printf_core) for _printf_core
    printfa.o(i.__0fprintf) refers to retarget.o(i.fputc) for fputc
    printfa.o(i.__0printf) refers (Special) to iusefp.o(.text) for __I$use$fp
    printfa.o(i.__0printf) refers to printfa.o(i._printf_core) for _printf_core
    printfa.o(i.__0printf) refers to retarget.o(i.fputc) for fputc
    printfa.o(i.__0printf) refers to retarget.o(.data) for __stdout
    printfa.o(i.__0snprintf) refers (Special) to iusefp.o(.text) for __I$use$fp
    printfa.o(i.__0snprintf) refers to printfa.o(i._printf_core) for _printf_core
    printfa.o(i.__0snprintf) refers to printfa.o(i._snputc) for _snputc
    printfa.o(i.__0sprintf) refers (Special) to iusefp.o(.text) for __I$use$fp
    printfa.o(i.__0sprintf) refers to printfa.o(i._printf_core) for _printf_core
    printfa.o(i.__0sprintf) refers to printfa.o(i._sputc) for _sputc
    printfa.o(i.__0vfprintf) refers (Special) to iusefp.o(.text) for __I$use$fp
    printfa.o(i.__0vfprintf) refers to printfa.o(i._printf_core) for _printf_core
    printfa.o(i.__0vfprintf) refers to retarget.o(i.fputc) for fputc
    printfa.o(i.__0vprintf) refers (Special) to iusefp.o(.text) for __I$use$fp
    printfa.o(i.__0vprintf) refers to printfa.o(i._printf_core) for _printf_core
    printfa.o(i.__0vprintf) refers to retarget.o(i.fputc) for fputc
    printfa.o(i.__0vprintf) refers to retarget.o(.data) for __stdout
    printfa.o(i.__0vsnprintf) refers (Special) to iusefp.o(.text) for __I$use$fp
    printfa.o(i.__0vsnprintf) refers to printfa.o(i._printf_core) for _printf_core
    printfa.o(i.__0vsnprintf) refers to printfa.o(i._snputc) for _snputc
    printfa.o(i.__0vsprintf) refers (Special) to iusefp.o(.text) for __I$use$fp
    printfa.o(i.__0vsprintf) refers to printfa.o(i._printf_core) for _printf_core
    printfa.o(i.__0vsprintf) refers to printfa.o(i._sputc) for _sputc
    printfa.o(i._fp_digits) refers (Special) to iusefp.o(.text) for __I$use$fp
    printfa.o(i._fp_digits) refers to dmul.o(.text) for __aeabi_dmul
    printfa.o(i._fp_digits) refers to ddiv.o(.text) for __aeabi_ddiv
    printfa.o(i._fp_digits) refers to cdrcmple.o(.text) for __aeabi_cdrcmple
    printfa.o(i._fp_digits) refers to dadd.o(.text) for __aeabi_dadd
    printfa.o(i._fp_digits) refers to dfixul.o(.text) for __aeabi_d2ulz
    printfa.o(i._fp_digits) refers to uldiv.o(.text) for __aeabi_uldivmod
    printfa.o(i._printf_core) refers (Special) to iusefp.o(.text) for __I$use$fp
    printfa.o(i._printf_core) refers to printfa.o(i._printf_pre_padding) for _printf_pre_padding
    printfa.o(i._printf_core) refers to uldiv.o(.text) for __aeabi_uldivmod
    printfa.o(i._printf_core) refers to printfa.o(i._printf_post_padding) for _printf_post_padding
    printfa.o(i._printf_core) refers to printfa.o(i._fp_digits) for _fp_digits
    printfa.o(i._printf_core) refers to uidiv.o(.text) for __aeabi_uidivmod
    printfa.o(i._printf_post_padding) refers (Special) to iusefp.o(.text) for __I$use$fp
    printfa.o(i._printf_pre_padding) refers (Special) to iusefp.o(.text) for __I$use$fp
    printfa.o(i._snputc) refers (Special) to iusefp.o(.text) for __I$use$fp
    printfa.o(i._sputc) refers (Special) to iusefp.o(.text) for __I$use$fp
    entry2.o(.ARM.Collect$$$$00000001) refers to entry2.o(.ARM.Collect$$$$00002712) for __lit__00000000
    entry2.o(.ARM.Collect$$$$00002712) refers to arm_startup_nrf51.o(STACK) for __initial_sp
    entry2.o(__vectab_stack_and_reset_area) refers to arm_startup_nrf51.o(STACK) for __initial_sp
    entry2.o(__vectab_stack_and_reset_area) refers to entry.o(.ARM.Collect$$$$00000000) for __main
    entry5.o(.ARM.Collect$$$$00000004) refers to init.o(.text) for __scatterload
    entry9a.o(.ARM.Collect$$$$0000000B) refers to main.o(i.main) for main
    entry9b.o(.ARM.Collect$$$$0000000C) refers to main.o(i.main) for main
    uldiv.o(.text) refers to llushr.o(.text) for __aeabi_llsr
    uldiv.o(.text) refers to llshl.o(.text) for __aeabi_llsl
    dadd.o(.text) refers to llshl.o(.text) for __aeabi_llsl
    dadd.o(.text) refers to llsshr.o(.text) for __aeabi_lasr
    dadd.o(.text) refers to depilogue.o(.text) for _double_epilogue
    dmul.o(.text) refers to depilogue.o(.text) for _double_epilogue
    ddiv.o(.text) refers to depilogue.o(.text) for _double_round
    dfixul.o(.text) refers to llushr.o(.text) for __aeabi_llsr
    dfixul.o(.text) refers to llshl.o(.text) for __aeabi_llsl
    init.o(.text) refers to entry5.o(.ARM.Collect$$$$00000004) for __main_after_scatterload
    depilogue.o(.text) refers to depilogue.o(i.__ARM_clz) for __ARM_clz
    depilogue.o(.text) refers to llshl.o(.text) for __aeabi_llsl
    depilogue.o(.text) refers to llushr.o(.text) for __aeabi_llsr


==============================================================================

Removing Unused input sections from the image.

    Removing main.o(.rev16_text), (4 bytes).
    Removing main.o(.revsh_text), (4 bytes).
    Removing main.o(.emb_text), (30 bytes).
    Removing main.o(i.adc_init), (52 bytes).
    Removing main.o(i.adc_start), (20 bytes).
    Removing main.o(i.assert_nrf_callback), (20 bytes).
    Removing main.o(i.bsp_event_handler), (92 bytes).
    Removing bsp.o(.rev16_text), (4 bytes).
    Removing bsp.o(.revsh_text), (4 bytes).
    Removing bsp.o(i.alert_timer_handler), (24 bytes).
    Removing bsp.o(i.bsp_button_is_pressed), (44 bytes).
    Removing bsp.o(i.bsp_buttons_disable), (8 bytes).
    Removing bsp.o(i.bsp_buttons_enable), (8 bytes).
    Removing bsp.o(i.bsp_buttons_state_get), (60 bytes).
    Removing bsp.o(i.bsp_indication_text_set), (8 bytes).
    Removing bsp.o(i.bsp_init), (160 bytes).
    Removing bsp.o(i.bsp_wakeup_buttons_set), (60 bytes).
    Removing bsp.o(i.button_timer_handler), (12 bytes).
    Removing bsp.o(i.leds_timer_handler), (24 bytes).
    Removing bsp_btn_ble.o(.rev16_text), (4 bytes).
    Removing bsp_btn_ble.o(.revsh_text), (4 bytes).
    Removing bsp_btn_ble.o(i.bsp_btn_ble_init), (84 bytes).
    Removing bsp_btn_ble.o(i.bsp_btn_ble_sleep_mode_prepare), (20 bytes).
    Removing ble_advertising.o(.rev16_text), (4 bytes).
    Removing ble_advertising.o(.revsh_text), (4 bytes).
    Removing ble_advertising.o(i.ble_advertising_init), (292 bytes).
    Removing ble_advertising.o(i.ble_advertising_on_sys_evt), (48 bytes).
    Removing ble_advertising.o(i.ble_advertising_peer_addr_reply), (48 bytes).
    Removing ble_advertising.o(i.ble_advertising_restart_without_whitelist), (64 bytes).
    Removing ble_advertising.o(i.ble_advertising_whitelist_reply), (84 bytes).
    Removing ble_conn_params.o(i.ble_conn_params_change_conn_params), (80 bytes).
    Removing ble_conn_params.o(i.ble_conn_params_init), (84 bytes).
    Removing ble_conn_params.o(i.ble_conn_params_stop), (16 bytes).
    Removing ble_conn_params.o(i.update_timeout_handler), (100 bytes).
    Removing ble_nus.o(i.ble_nus_init), (104 bytes).
    Removing ble_nus.o(i.rx_char_add), (158 bytes).
    Removing ble_nus.o(i.tx_char_add), (128 bytes).
    Removing ble_nus.o(.constdata), (16 bytes).
    Removing ble_srv_common.o(i.ble_srv_ascii_to_utf8), (18 bytes).
    Removing ble_srv_common.o(i.ble_srv_report_ref_encode), (12 bytes).
    Removing ble_srv_common.o(i.characteristic_add), (400 bytes).
    Removing ble_srv_common.o(i.descriptor_add), (176 bytes).
    Removing ble_srv_common.o(i.set_security_req), (46 bytes).
    Removing app_uart_fifo.o(.rev16_text), (4 bytes).
    Removing app_uart_fifo.o(.revsh_text), (4 bytes).
    Removing app_uart_fifo.o(i.app_uart_close), (10 bytes).
    Removing app_uart_fifo.o(i.app_uart_flush), (28 bytes).
    Removing nrf_delay.o(.rev16_text), (4 bytes).
    Removing nrf_delay.o(.revsh_text), (4 bytes).
    Removing nrf_delay.o(.emb_text), (30 bytes).
    Removing nrf_delay.o(i.nrf_delay_ms), (28 bytes).
    Removing nrf_drv_common.o(.rev16_text), (4 bytes).
    Removing nrf_drv_common.o(.revsh_text), (4 bytes).
    Removing nrf_drv_gpiote.o(.rev16_text), (4 bytes).
    Removing nrf_drv_gpiote.o(.revsh_text), (4 bytes).
    Removing nrf_drv_gpiote.o(i.channel_free), (28 bytes).
    Removing nrf_drv_gpiote.o(i.channel_port_alloc), (72 bytes).
    Removing nrf_drv_gpiote.o(i.nrf_drv_gpiote_in_event_addr_get), (24 bytes).
    Removing nrf_drv_gpiote.o(i.nrf_drv_gpiote_in_event_disable), (72 bytes).
    Removing nrf_drv_gpiote.o(i.nrf_drv_gpiote_in_event_enable), (160 bytes).
    Removing nrf_drv_gpiote.o(i.nrf_drv_gpiote_in_init), (164 bytes).
    Removing nrf_drv_gpiote.o(i.nrf_drv_gpiote_in_is_set), (20 bytes).
    Removing nrf_drv_gpiote.o(i.nrf_drv_gpiote_in_uninit), (76 bytes).
    Removing nrf_drv_gpiote.o(i.nrf_drv_gpiote_init), (84 bytes).
    Removing nrf_drv_gpiote.o(i.nrf_drv_gpiote_is_init), (16 bytes).
    Removing nrf_drv_gpiote.o(i.nrf_drv_gpiote_out_clear), (16 bytes).
    Removing nrf_drv_gpiote.o(i.nrf_drv_gpiote_out_init), (152 bytes).
    Removing nrf_drv_gpiote.o(i.nrf_drv_gpiote_out_set), (16 bytes).
    Removing nrf_drv_gpiote.o(i.nrf_drv_gpiote_out_task_addr_get), (20 bytes).
    Removing nrf_drv_gpiote.o(i.nrf_drv_gpiote_out_task_disable), (32 bytes).
    Removing nrf_drv_gpiote.o(i.nrf_drv_gpiote_out_task_enable), (48 bytes).
    Removing nrf_drv_gpiote.o(i.nrf_drv_gpiote_out_task_force), (44 bytes).
    Removing nrf_drv_gpiote.o(i.nrf_drv_gpiote_out_task_trigger), (24 bytes).
    Removing nrf_drv_gpiote.o(i.nrf_drv_gpiote_out_toggle), (28 bytes).
    Removing nrf_drv_gpiote.o(i.nrf_drv_gpiote_out_uninit), (68 bytes).
    Removing nrf_drv_gpiote.o(i.nrf_drv_gpiote_uninit), (56 bytes).
    Removing nrf_drv_gpiote.o(i.nrf_gpio_cfg), (36 bytes).
    Removing nrf_drv_gpiote.o(i.nrf_gpio_cfg_default), (18 bytes).
    Removing nrf_drv_gpiote.o(i.pin_in_use_by_port), (24 bytes).
    Removing nrf_drv_gpiote.o(i.pin_in_use_by_te), (24 bytes).
    Removing nrf_drv_uart.o(.rev16_text), (4 bytes).
    Removing nrf_drv_uart.o(.revsh_text), (4 bytes).
    Removing nrf_drv_uart.o(i.nrf_drv_uart_errorsrc_get), (28 bytes).
    Removing nrf_drv_uart.o(i.nrf_drv_uart_rx_abort), (24 bytes).
    Removing nrf_drv_uart.o(i.nrf_drv_uart_rx_disable), (24 bytes).
    Removing nrf_drv_uart.o(i.nrf_drv_uart_tx_abort), (44 bytes).
    Removing nrf_drv_uart.o(i.nrf_drv_uart_uninit), (108 bytes).
    Removing nrf_drv_uart.o(i.nrf_gpio_cfg_default), (18 bytes).
    Removing pstorage.o(.rev16_text), (4 bytes).
    Removing pstorage.o(.revsh_text), (4 bytes).
    Removing pstorage.o(i.app_notify), (44 bytes).
    Removing pstorage.o(i.app_notify_error_state_transit), (32 bytes).
    Removing pstorage.o(i.clear_operation_execute), (260 bytes).
    Removing pstorage.o(i.clear_post_processing_run), (36 bytes).
    Removing pstorage.o(i.cmd_process), (56 bytes).
    Removing pstorage.o(i.cmd_queue_element_init), (32 bytes).
    Removing pstorage.o(i.cmd_queue_enqueue), (76 bytes).
    Removing pstorage.o(i.command_end_procedure_run), (60 bytes).
    Removing pstorage.o(i.data_page_erase_state_run), (84 bytes).
    Removing pstorage.o(i.data_to_swap_write_state_run), (40 bytes).
    Removing pstorage.o(i.flash_api_err_code_process), (32 bytes).
    Removing pstorage.o(i.flash_operation_success_run), (128 bytes).
    Removing pstorage.o(i.flash_page_erase), (10 bytes).
    Removing pstorage.o(i.flash_write), (10 bytes).
    Removing pstorage.o(i.head_restore_state_run), (120 bytes).
    Removing pstorage.o(i.is_page_erase_required), (68 bytes).
    Removing pstorage.o(i.is_word_aligned), (12 bytes).
    Removing pstorage.o(i.main_state_err_busy_process), (24 bytes).
    Removing pstorage.o(i.pstorage_block_identifier_get), (84 bytes).
    Removing pstorage.o(i.pstorage_clear), (164 bytes).
    Removing pstorage.o(i.pstorage_flash_page_end), (36 bytes).
    Removing pstorage.o(i.pstorage_flash_page_size), (10 bytes).
    Removing pstorage.o(i.pstorage_init), (76 bytes).
    Removing pstorage.o(i.pstorage_load), (168 bytes).
    Removing pstorage.o(i.pstorage_register), (188 bytes).
    Removing pstorage.o(i.pstorage_store), (144 bytes).
    Removing pstorage.o(i.pstorage_sys_event_handler), (76 bytes).
    Removing pstorage.o(i.pstorage_update), (144 bytes).
    Removing pstorage.o(i.sm_state_change), (72 bytes).
    Removing pstorage.o(i.state_data_erase_swap_entry_run), (100 bytes).
    Removing pstorage.o(i.state_erase_data_page_entry_run), (16 bytes).
    Removing pstorage.o(i.state_restore_head_entry_run), (40 bytes).
    Removing pstorage.o(i.state_restore_tail_entry_run), (76 bytes).
    Removing pstorage.o(i.state_swap_erase_entry_run), (32 bytes).
    Removing pstorage.o(i.state_write_data_swap_entry_run), (48 bytes).
    Removing pstorage.o(i.store_cmd_flash_write_execute), (92 bytes).
    Removing pstorage.o(i.swap_erase_state_run), (28 bytes).
    Removing pstorage.o(i.swap_sub_state_err_busy_process), (24 bytes).
    Removing pstorage.o(i.swap_sub_state_state_change), (20 bytes).
    Removing pstorage.o(i.tail_restore_state_run), (28 bytes).
    Removing pstorage.o(.constdata), (40 bytes).
    Removing app_button.o(.rev16_text), (4 bytes).
    Removing app_button.o(.revsh_text), (4 bytes).
    Removing app_button.o(i.app_button_disable), (44 bytes).
    Removing app_button.o(i.app_button_enable), (36 bytes).
    Removing app_button.o(i.app_button_init), (116 bytes).
    Removing app_button.o(i.app_button_is_pushed), (44 bytes).
    Removing app_button.o(i.detection_delay_timeout_handler), (96 bytes).
    Removing app_button.o(i.gpiote_event_handler), (80 bytes).
    Removing app_button.o(.bss), (32 bytes).
    Removing app_button.o(.constdata), (8 bytes).
    Removing app_button.o(.data), (20 bytes).
    Removing app_error.o(.rev16_text), (4 bytes).
    Removing app_error.o(.revsh_text), (4 bytes).
    Removing app_fifo.o(i.app_fifo_flush), (8 bytes).
    Removing app_fifo.o(i.app_fifo_read), (70 bytes).
    Removing app_fifo.o(i.app_fifo_write), (74 bytes).
    Removing app_timer.o(.rev16_text), (4 bytes).
    Removing app_timer.o(.revsh_text), (4 bytes).
    Removing app_timer.o(i.app_timer_cnt_diff_compute), (12 bytes).
    Removing app_timer.o(i.app_timer_cnt_get), (16 bytes).
    Removing app_timer.o(i.app_timer_stop_all), (68 bytes).
    Removing retarget.o(.rev16_text), (4 bytes).
    Removing retarget.o(.revsh_text), (4 bytes).
    Removing retarget.o(i.fgetc), (18 bytes).
    Removing retarget.o(.data), (4 bytes).
    Removing softdevice_handler.o(.rev16_text), (4 bytes).
    Removing softdevice_handler.o(.revsh_text), (4 bytes).
    Removing softdevice_handler.o(i.softdevice_handler_isEnabled), (12 bytes).
    Removing softdevice_handler.o(i.softdevice_handler_sd_disable), (24 bytes).
    Removing softdevice_handler.o(i.softdevice_sys_evt_handler_set), (20 bytes).
    Removing arm_startup_nrf51.o(HEAP), (2048 bytes).
    Removing system_nrf51.o(.rev16_text), (4 bytes).
    Removing system_nrf51.o(.revsh_text), (4 bytes).
    Removing system_nrf51.o(i.SystemCoreClockUpdate), (16 bytes).
    Removing dadd.o(.text), (356 bytes).
    Removing dmul.o(.text), (208 bytes).
    Removing ddiv.o(.text), (240 bytes).
    Removing dfixul.o(.text), (64 bytes).
    Removing cdrcmple.o(.text), (40 bytes).
    Removing depilogue.o(.text), (190 bytes).
    Removing depilogue.o(i.__ARM_clz), (46 bytes).

172 unused section(s) (total 11232 bytes) removed from the image.

==============================================================================

Image Symbol Table

    Local Symbols

    Symbol Name                              Value     Ov Type        Size  Object(Section)

    ../clib/microlib/division.c              0x00000000   Number         0  uidiv.o ABSOLUTE
    ../clib/microlib/division.c              0x00000000   Number         0  idiv.o ABSOLUTE
    ../clib/microlib/division.c              0x00000000   Number         0  uldiv.o ABSOLUTE
    ../clib/microlib/init/entry.s            0x00000000   Number         0  entry8a.o ABSOLUTE
    ../clib/microlib/init/entry.s            0x00000000   Number         0  entry9b.o ABSOLUTE
    ../clib/microlib/init/entry.s            0x00000000   Number         0  entry5.o ABSOLUTE
    ../clib/microlib/init/entry.s            0x00000000   Number         0  entry8b.o ABSOLUTE
    ../clib/microlib/init/entry.s            0x00000000   Number         0  entry11b.o ABSOLUTE
    ../clib/microlib/init/entry.s            0x00000000   Number         0  entry7b.o ABSOLUTE
    ../clib/microlib/init/entry.s            0x00000000   Number         0  entry7a.o ABSOLUTE
    ../clib/microlib/init/entry.s            0x00000000   Number         0  entry10a.o ABSOLUTE
    ../clib/microlib/init/entry.s            0x00000000   Number         0  entry2.o ABSOLUTE
    ../clib/microlib/init/entry.s            0x00000000   Number         0  entry.o ABSOLUTE
    ../clib/microlib/init/entry.s            0x00000000   Number         0  entry9a.o ABSOLUTE
    ../clib/microlib/init/entry.s            0x00000000   Number         0  entry10b.o ABSOLUTE
    ../clib/microlib/init/entry.s            0x00000000   Number         0  entry11a.o ABSOLUTE
    ../clib/microlib/longlong.c              0x00000000   Number         0  llsshr.o ABSOLUTE
    ../clib/microlib/longlong.c              0x00000000   Number         0  llushr.o ABSOLUTE
    ../clib/microlib/longlong.c              0x00000000   Number         0  llshl.o ABSOLUTE
    ../clib/microlib/printf/printf.c         0x00000000   Number         0  printfa.o ABSOLUTE
    ../clib/microlib/printf/printf.c         0x00000000   Number         0  printfb.o ABSOLUTE
    ../clib/microlib/printf/printf.c         0x00000000   Number         0  printf0.o ABSOLUTE
    ../clib/microlib/printf/printf.c         0x00000000   Number         0  printf1.o ABSOLUTE
    ../clib/microlib/printf/printf.c         0x00000000   Number         0  printf2.o ABSOLUTE
    ../clib/microlib/printf/printf.c         0x00000000   Number         0  printf7.o ABSOLUTE
    ../clib/microlib/printf/printf.c         0x00000000   Number         0  printf8.o ABSOLUTE
    ../clib/microlib/printf/printf.c         0x00000000   Number         0  printf5.o ABSOLUTE
    ../clib/microlib/printf/printf.c         0x00000000   Number         0  printf6.o ABSOLUTE
    ../clib/microlib/printf/printf.c         0x00000000   Number         0  printf3.o ABSOLUTE
    ../clib/microlib/printf/printf.c         0x00000000   Number         0  printf4.o ABSOLUTE
    ../clib/microlib/printf/stubs.s          0x00000000   Number         0  stubs.o ABSOLUTE
    ../clib/microlib/string/memcpy.c         0x00000000   Number         0  memcpya.o ABSOLUTE
    ../clib/microlib/string/memcpy.c         0x00000000   Number         0  memcpyb.o ABSOLUTE
    ../clib/microlib/string/memset.c         0x00000000   Number         0  memseta.o ABSOLUTE
    ../clib/microlib/string/strlen.c         0x00000000   Number         0  strlen.o ABSOLUTE
    ../clib/microlib/stubs.s                 0x00000000   Number         0  iusefp.o ABSOLUTE
    ../fplib/microlib/fpadd.c                0x00000000   Number         0  dadd.o ABSOLUTE
    ../fplib/microlib/fpdiv.c                0x00000000   Number         0  ddiv.o ABSOLUTE
    ../fplib/microlib/fpepilogue.c           0x00000000   Number         0  depilogue.o ABSOLUTE
    ../fplib/microlib/fpfix.c                0x00000000   Number         0  dfixul.o ABSOLUTE
    ../fplib/microlib/fpmul.c                0x00000000   Number         0  dmul.o ABSOLUTE
    ..\..\..\..\..\..\components\ble\ble_advertising\ble_advertising.c 0x00000000   Number         0  ble_advertising.o ABSOLUTE
    ..\..\..\..\..\..\components\ble\ble_services\ble_nus\ble_nus.c 0x00000000   Number         0  ble_nus.o ABSOLUTE
    ..\..\..\..\..\..\components\ble\common\ble_advdata.c 0x00000000   Number         0  ble_advdata.o ABSOLUTE
    ..\..\..\..\..\..\components\ble\common\ble_conn_params.c 0x00000000   Number         0  ble_conn_params.o ABSOLUTE
    ..\..\..\..\..\..\components\ble\common\ble_srv_common.c 0x00000000   Number         0  ble_srv_common.o ABSOLUTE
    ..\..\..\..\..\..\components\drivers_nrf\common\nrf_drv_common.c 0x00000000   Number         0  nrf_drv_common.o ABSOLUTE
    ..\..\..\..\..\..\components\drivers_nrf\delay\nrf_delay.c 0x00000000   Number         0  nrf_delay.o ABSOLUTE
    ..\..\..\..\..\..\components\drivers_nrf\gpiote\nrf_drv_gpiote.c 0x00000000   Number         0  nrf_drv_gpiote.o ABSOLUTE
    ..\..\..\..\..\..\components\drivers_nrf\pstorage\pstorage.c 0x00000000   Number         0  pstorage.o ABSOLUTE
    ..\..\..\..\..\..\components\drivers_nrf\uart\nrf_drv_uart.c 0x00000000   Number         0  nrf_drv_uart.o ABSOLUTE
    ..\..\..\..\..\..\components\libraries\button\app_button.c 0x00000000   Number         0  app_button.o ABSOLUTE
    ..\..\..\..\..\..\components\libraries\fifo\app_fifo.c 0x00000000   Number         0  app_fifo.o ABSOLUTE
    ..\..\..\..\..\..\components\libraries\timer\app_timer.c 0x00000000   Number         0  app_timer.o ABSOLUTE
    ..\..\..\..\..\..\components\libraries\trace\app_trace.c 0x00000000   Number         0  app_trace.o ABSOLUTE
    ..\..\..\..\..\..\components\libraries\uart\app_uart_fifo.c 0x00000000   Number         0  app_uart_fifo.o ABSOLUTE
    ..\..\..\..\..\..\components\libraries\uart\retarget.c 0x00000000   Number         0  retarget.o ABSOLUTE
    ..\..\..\..\..\..\components\libraries\util\app_error.c 0x00000000   Number         0  app_error.o ABSOLUTE
    ..\..\..\..\..\..\components\libraries\util\nrf_assert.c 0x00000000   Number         0  nrf_assert.o ABSOLUTE
    ..\..\..\..\..\..\components\softdevice\common\softdevice_handler\softdevice_handler.c 0x00000000   Number         0  softdevice_handler.o ABSOLUTE
    ..\..\..\..\..\bsp\bsp.c                 0x00000000   Number         0  bsp.o ABSOLUTE
    ..\..\..\..\..\bsp\bsp_btn_ble.c         0x00000000   Number         0  bsp_btn_ble.o ABSOLUTE
    ..\..\..\main.c                          0x00000000   Number         0  main.o ABSOLUTE
    ..\\..\\..\\..\\..\\..\\components\\ble\\ble_advertising\\ble_advertising.c 0x00000000   Number         0  ble_advertising.o ABSOLUTE
    ..\\..\\..\\..\\..\\..\\components\\drivers_nrf\\common\\nrf_drv_common.c 0x00000000   Number         0  nrf_drv_common.o ABSOLUTE
    ..\\..\\..\\..\\..\\..\\components\\drivers_nrf\\delay\\nrf_delay.c 0x00000000   Number         0  nrf_delay.o ABSOLUTE
    ..\\..\\..\\..\\..\\..\\components\\drivers_nrf\\gpiote\\nrf_drv_gpiote.c 0x00000000   Number         0  nrf_drv_gpiote.o ABSOLUTE
    ..\\..\\..\\..\\..\\..\\components\\drivers_nrf\\pstorage\\pstorage.c 0x00000000   Number         0  pstorage.o ABSOLUTE
    ..\\..\\..\\..\\..\\..\\components\\drivers_nrf\\uart\\nrf_drv_uart.c 0x00000000   Number         0  nrf_drv_uart.o ABSOLUTE
    ..\\..\\..\\..\\..\\..\\components\\libraries\\button\\app_button.c 0x00000000   Number         0  app_button.o ABSOLUTE
    ..\\..\\..\\..\\..\\..\\components\\libraries\\timer\\app_timer.c 0x00000000   Number         0  app_timer.o ABSOLUTE
    ..\\..\\..\\..\\..\\..\\components\\libraries\\uart\\app_uart_fifo.c 0x00000000   Number         0  app_uart_fifo.o ABSOLUTE
    ..\\..\\..\\..\\..\\..\\components\\libraries\\uart\\retarget.c 0x00000000   Number         0  retarget.o ABSOLUTE
    ..\\..\\..\\..\\..\\..\\components\\libraries\\util\\app_error.c 0x00000000   Number         0  app_error.o ABSOLUTE
    ..\\..\\..\\..\\..\\..\\components\\softdevice\\common\\softdevice_handler\\softdevice_handler.c 0x00000000   Number         0  softdevice_handler.o ABSOLUTE
    ..\\..\\..\\..\\..\\bsp\\bsp.c           0x00000000   Number         0  bsp.o ABSOLUTE
    ..\\..\\..\\..\\..\\bsp\\bsp_btn_ble.c   0x00000000   Number         0  bsp_btn_ble.o ABSOLUTE
    ..\\..\\..\\main.c                       0x00000000   Number         0  main.o ABSOLUTE
    RTE\Device\nRF51822_xxAC\arm_startup_nrf51.s 0x00000000   Number         0  arm_startup_nrf51.o ABSOLUTE
    RTE\Device\nRF51822_xxAC\system_nrf51.c  0x00000000   Number         0  system_nrf51.o ABSOLUTE
    RTE\\Device\\nRF51822_xxAC\\system_nrf51.c 0x00000000   Number         0  system_nrf51.o ABSOLUTE
    cdrcmple.s                               0x00000000   Number         0  cdrcmple.o ABSOLUTE
    dc.s                                     0x00000000   Number         0  dc.o ABSOLUTE
    handlers.s                               0x00000000   Number         0  handlers.o ABSOLUTE
    init.s                                   0x00000000   Number         0  init.o ABSOLUTE
    RESET                                    0x0001c000   Section      192  arm_startup_nrf51.o(RESET)
    .ARM.Collect$$$$00000000                 0x0001c0c0   Section        0  entry.o(.ARM.Collect$$$$00000000)
    .ARM.Collect$$$$00000001                 0x0001c0c0   Section        4  entry2.o(.ARM.Collect$$$$00000001)
    .ARM.Collect$$$$00000004                 0x0001c0c4   Section        4  entry5.o(.ARM.Collect$$$$00000004)
    .ARM.Collect$$$$00000008                 0x0001c0c8   Section        0  entry7b.o(.ARM.Collect$$$$00000008)
    .ARM.Collect$$$$0000000A                 0x0001c0c8   Section        0  entry8b.o(.ARM.Collect$$$$0000000A)
    .ARM.Collect$$$$0000000B                 0x0001c0c8   Section        8  entry9a.o(.ARM.Collect$$$$0000000B)
    .ARM.Collect$$$$0000000D                 0x0001c0d0   Section        0  entry10a.o(.ARM.Collect$$$$0000000D)
    .ARM.Collect$$$$0000000F                 0x0001c0d0   Section        0  entry11a.o(.ARM.Collect$$$$0000000F)
    .ARM.Collect$$$$00002712                 0x0001c0d0   Section        4  entry2.o(.ARM.Collect$$$$00002712)
    __lit__00000000                          0x0001c0d0   Data           4  entry2.o(.ARM.Collect$$$$00002712)
    .emb_text                                0x0001c0d4   Section       30  app_timer.o(.emb_text)
    .text                                    0x0001c0f4   Section       56  arm_startup_nrf51.o(.text)
    .text                                    0x0001c12c   Section        0  uidiv.o(.text)
    .text                                    0x0001c158   Section        0  memcpya.o(.text)
    .text                                    0x0001c17c   Section        0  memseta.o(.text)
    .text                                    0x0001c1a0   Section       36  init.o(.text)
    i.ADC_IRQHandler                         0x0001c1c4   Section        0  main.o(i.ADC_IRQHandler)
    i.GPIOTE_IRQHandler                      0x0001c22c   Section        0  nrf_drv_gpiote.o(i.GPIOTE_IRQHandler)
    i.NVIC_SetPriority                       0x0001c334   Section        0  app_timer.o(i.NVIC_SetPriority)
    NVIC_SetPriority                         0x0001c335   Thumb Code    60  app_timer.o(i.NVIC_SetPriority)
    i.RTC1_IRQHandler                        0x0001c378   Section        0  app_timer.o(i.RTC1_IRQHandler)
    i.SWI0_IRQHandler                        0x0001c398   Section        0  app_timer.o(i.SWI0_IRQHandler)
    i.SWI2_IRQHandler                        0x0001c3a0   Section        0  softdevice_handler.o(i.SWI2_IRQHandler)
    i.SystemInit                             0x0001c3c4   Section        0  system_nrf51.o(i.SystemInit)
    i.UART0_IRQHandler                       0x0001c418   Section        0  nrf_drv_uart.o(i.UART0_IRQHandler)
    i.__0printf$1                            0x0001c51c   Section        0  printf1.o(i.__0printf$1)
    i.__ARM_common_switch8                   0x0001c53c   Section        0  bsp.o(i.__ARM_common_switch8)
    i.__scatterload_copy                     0x0001c556   Section       14  handlers.o(i.__scatterload_copy)
    i.__scatterload_null                     0x0001c564   Section        2  handlers.o(i.__scatterload_null)
    i.__scatterload_zeroinit                 0x0001c566   Section       14  handlers.o(i.__scatterload_zeroinit)
    i._printf_core                           0x0001c574   Section        0  printf1.o(i._printf_core)
    _printf_core                             0x0001c575   Thumb Code   332  printf1.o(i._printf_core)
    i.adv_data_encode                        0x0001c6c4   Section        0  ble_advdata.o(i.adv_data_encode)
    i.advdata_update                         0x0001c8dc   Section        0  main.o(i.advdata_update)
    advdata_update                           0x0001c8dd   Thumb Code   100  main.o(i.advdata_update)
    i.advdata_update_timer_timeout_handler   0x0001c960   Section        0  main.o(i.advdata_update_timer_timeout_handler)
    i.advertising_buttons_configure          0x0001c984   Section        0  bsp_btn_ble.o(i.advertising_buttons_configure)
    advertising_buttons_configure            0x0001c985   Thumb Code    60  bsp_btn_ble.o(i.advertising_buttons_configure)
    i.advertising_start                      0x0001c9c0   Section        0  main.o(i.advertising_start)
    advertising_start                        0x0001c9c1   Thumb Code    48  main.o(i.advertising_start)
    i.app_error_handler                      0x0001ca18   Section        0  app_error.o(i.app_error_handler)
    i.app_fifo_get                           0x0001ca34   Section        0  app_fifo.o(i.app_fifo_get)
    i.app_fifo_init                          0x0001ca4a   Section        0  app_fifo.o(i.app_fifo_init)
    i.app_fifo_put                           0x0001ca6e   Section        0  app_fifo.o(i.app_fifo_put)
    i.app_timer_create                       0x0001ca88   Section        0  app_timer.o(i.app_timer_create)
    i.app_timer_init                         0x0001cab4   Section        0  app_timer.o(i.app_timer_init)
    i.app_timer_start                        0x0001cb44   Section        0  app_timer.o(i.app_timer_start)
    i.app_timer_stop                         0x0001cbc0   Section        0  app_timer.o(i.app_timer_stop)
    i.app_uart_get                           0x0001cc14   Section        0  app_uart_fifo.o(i.app_uart_get)
    i.app_uart_init                          0x0001cc48   Section        0  app_uart_fifo.o(i.app_uart_init)
    i.app_uart_put                           0x0001cce8   Section        0  app_uart_fifo.o(i.app_uart_put)
    i.battery_level_get                      0x0001cd10   Section        0  main.o(i.battery_level_get)
    i.ble_advdata_set                        0x0001cd60   Section        0  ble_advdata.o(i.ble_advdata_set)
    i.ble_advertising_on_ble_evt             0x0001cdc8   Section        0  ble_advertising.o(i.ble_advertising_on_ble_evt)
    i.ble_advertising_peer_address_clear     0x0001ce44   Section        0  ble_advertising.o(i.ble_advertising_peer_address_clear)
    ble_advertising_peer_address_clear       0x0001ce45   Thumb Code    12  ble_advertising.o(i.ble_advertising_peer_address_clear)
    i.ble_advertising_start                  0x0001ce54   Section        0  ble_advertising.o(i.ble_advertising_start)
    i.ble_conn_params_on_ble_evt             0x0001d034   Section        0  ble_conn_params.o(i.ble_conn_params_on_ble_evt)
    i.ble_device_addr_encode                 0x0001d0c4   Section        0  ble_advdata.o(i.ble_device_addr_encode)
    ble_device_addr_encode                   0x0001d0c5   Thumb Code    94  ble_advdata.o(i.ble_device_addr_encode)
    i.ble_evt_dispatch                       0x0001d124   Section        0  main.o(i.ble_evt_dispatch)
    ble_evt_dispatch                         0x0001d125   Thumb Code    36  main.o(i.ble_evt_dispatch)
    i.ble_nus_on_ble_evt                     0x0001d14c   Section        0  ble_nus.o(i.ble_nus_on_ble_evt)
    i.ble_nus_string_send                    0x0001d1a4   Section        0  ble_nus.o(i.ble_nus_string_send)
    i.bsp_btn_ble_on_ble_evt                 0x0001d1f8   Section        0  bsp_btn_ble.o(i.bsp_btn_ble_on_ble_evt)
    i.bsp_button_event_handler               0x0001d270   Section        0  bsp.o(i.bsp_button_event_handler)
    bsp_button_event_handler                 0x0001d271   Thumb Code   148  bsp.o(i.bsp_button_event_handler)
    i.bsp_event_to_button_action_assign      0x0001d310   Section        0  bsp.o(i.bsp_event_to_button_action_assign)
    i.bsp_indication_set                     0x0001d358   Section        0  bsp.o(i.bsp_indication_set)
    i.bsp_led_indication                     0x0001d374   Section        0  bsp.o(i.bsp_led_indication)
    bsp_led_indication                       0x0001d375   Thumb Code   492  bsp.o(i.bsp_led_indication)
    i.channel_port_get                       0x0001d56c   Section        0  nrf_drv_gpiote.o(i.channel_port_get)
    channel_port_get                         0x0001d56d   Thumb Code    10  nrf_drv_gpiote.o(i.channel_port_get)
    i.compare_reg_update                     0x0001d57c   Section        0  app_timer.o(i.compare_reg_update)
    compare_reg_update                       0x0001d57d   Thumb Code   142  app_timer.o(i.compare_reg_update)
    i.conn_int_encode                        0x0001d624   Section        0  ble_advdata.o(i.conn_int_encode)
    conn_int_encode                          0x0001d625   Thumb Code   130  ble_advdata.o(i.conn_int_encode)
    i.conn_params_negotiation                0x0001d6ac   Section        0  ble_conn_params.o(i.conn_params_negotiation)
    conn_params_negotiation                  0x0001d6ad   Thumb Code    92  ble_conn_params.o(i.conn_params_negotiation)
    i.elapsed_ticks_acquire                  0x0001d714   Section        0  app_timer.o(i.elapsed_ticks_acquire)
    elapsed_ticks_acquire                    0x0001d715   Thumb Code    58  app_timer.o(i.elapsed_ticks_acquire)
    i.fifo_get                               0x0001d754   Section        0  app_fifo.o(i.fifo_get)
    fifo_get                                 0x0001d755   Thumb Code    20  app_fifo.o(i.fifo_get)
    i.fifo_put                               0x0001d768   Section        0  app_fifo.o(i.fifo_put)
    fifo_put                                 0x0001d769   Thumb Code    18  app_fifo.o(i.fifo_put)
    i.fputc                                  0x0001d77a   Section        0  retarget.o(i.fputc)
    i.intern_softdevice_events_execute       0x0001d788   Section        0  softdevice_handler.o(i.intern_softdevice_events_execute)
    i.is_conn_params_ok                      0x0001d808   Section        0  ble_conn_params.o(i.is_conn_params_ok)
    is_conn_params_ok                        0x0001d809   Thumb Code    24  ble_conn_params.o(i.is_conn_params_ok)
    i.is_manual_peripheral_setup_needed      0x0001d824   Section        0  system_nrf51.o(i.is_manual_peripheral_setup_needed)
    is_manual_peripheral_setup_needed        0x0001d825   Thumb Code    66  system_nrf51.o(i.is_manual_peripheral_setup_needed)
    i.le_role_encode                         0x0001d86c   Section        0  ble_advdata.o(i.le_role_encode)
    le_role_encode                           0x0001d86d   Thumb Code    84  ble_advdata.o(i.le_role_encode)
    i.list_deletions_handler                 0x0001d8c0   Section        0  app_timer.o(i.list_deletions_handler)
    list_deletions_handler                   0x0001d8c1   Thumb Code   180  app_timer.o(i.list_deletions_handler)
    i.list_insertions_handler                0x0001d97c   Section        0  app_timer.o(i.list_insertions_handler)
    list_insertions_handler                  0x0001d97d   Thumb Code   202  app_timer.o(i.list_insertions_handler)
    i.main                                   0x0001da50   Section        0  main.o(i.main)
    i.manuf_specific_data_encode             0x0001dba4   Section        0  ble_advdata.o(i.manuf_specific_data_encode)
    manuf_specific_data_encode               0x0001dba5   Thumb Code   104  ble_advdata.o(i.manuf_specific_data_encode)
    i.name_encode                            0x0001dc0c   Section        0  ble_advdata.o(i.name_encode)
    name_encode                              0x0001dc0d   Thumb Code   158  ble_advdata.o(i.name_encode)
    i.nrf_drv_common_irq_enable              0x0001dcac   Section        0  nrf_drv_common.o(i.nrf_drv_common_irq_enable)
    i.nrf_drv_uart_init                      0x0001dd0c   Section        0  nrf_drv_uart.o(i.nrf_drv_uart_init)
    i.nrf_drv_uart_rx                        0x0001ddbc   Section        0  nrf_drv_uart.o(i.nrf_drv_uart_rx)
    i.nrf_drv_uart_rx_enable                 0x0001de70   Section        0  nrf_drv_uart.o(i.nrf_drv_uart_rx_enable)
    i.nrf_drv_uart_tx                        0x0001de88   Section        0  nrf_drv_uart.o(i.nrf_drv_uart_tx)
    i.nrf_gpio_cfg                           0x0001df14   Section        0  nrf_drv_uart.o(i.nrf_gpio_cfg)
    nrf_gpio_cfg                             0x0001df15   Thumb Code    32  nrf_drv_uart.o(i.nrf_gpio_cfg)
    i.nrf_gpio_cfg_input                     0x0001df38   Section        0  nrf_drv_uart.o(i.nrf_gpio_cfg_input)
    nrf_gpio_cfg_input                       0x0001df39   Thumb Code    18  nrf_drv_uart.o(i.nrf_gpio_cfg_input)
    i.nrf_gpio_cfg_output                    0x0001df4a   Section        0  nrf_drv_uart.o(i.nrf_gpio_cfg_output)
    nrf_gpio_cfg_output                      0x0001df4b   Thumb Code    20  nrf_drv_uart.o(i.nrf_gpio_cfg_output)
    i.nrf_gpio_cfg_sense_set                 0x0001df60   Section        0  nrf_drv_gpiote.o(i.nrf_gpio_cfg_sense_set)
    nrf_gpio_cfg_sense_set                   0x0001df61   Thumb Code    26  nrf_drv_gpiote.o(i.nrf_gpio_cfg_sense_set)
    i.nrf_gpiote_event_is_set                0x0001df80   Section        0  nrf_drv_gpiote.o(i.nrf_gpiote_event_is_set)
    nrf_gpiote_event_is_set                  0x0001df81   Thumb Code    14  nrf_drv_gpiote.o(i.nrf_gpiote_event_is_set)
    i.nrf_uart_event_check                   0x0001df94   Section        0  nrf_drv_uart.o(i.nrf_uart_event_check)
    nrf_uart_event_check                     0x0001df95   Thumb Code    10  nrf_drv_uart.o(i.nrf_uart_event_check)
    i.nrf_uart_int_enable_check              0x0001df9e   Section        0  nrf_drv_uart.o(i.nrf_uart_int_enable_check)
    nrf_uart_int_enable_check                0x0001df9f   Thumb Code    16  nrf_drv_uart.o(i.nrf_uart_int_enable_check)
    i.on_ble_evt                             0x0001dfb0   Section        0  main.o(i.on_ble_evt)
    on_ble_evt                               0x0001dfb1   Thumb Code   108  main.o(i.on_ble_evt)
    i.peer_address_exists                    0x0001e020   Section        0  ble_advertising.o(i.peer_address_exists)
    peer_address_exists                      0x0001e021   Thumb Code    22  ble_advertising.o(i.peer_address_exists)
    i.pstorage_access_status_get             0x0001e038   Section        0  pstorage.o(i.pstorage_access_status_get)
    i.rtc1_stop                              0x0001e060   Section        0  app_timer.o(i.rtc1_stop)
    rtc1_stop                                0x0001e061   Thumb Code    50  app_timer.o(i.rtc1_stop)
    i.rx_byte                                0x0001e0a4   Section        0  nrf_drv_uart.o(i.rx_byte)
    rx_byte                                  0x0001e0a5   Thumb Code    30  nrf_drv_uart.o(i.rx_byte)
    i.rx_done_event                          0x0001e0d0   Section        0  nrf_drv_uart.o(i.rx_done_event)
    rx_done_event                            0x0001e0d1   Thumb Code    28  nrf_drv_uart.o(i.rx_done_event)
    i.rx_enable                              0x0001e0f0   Section        0  nrf_drv_uart.o(i.rx_enable)
    rx_enable                                0x0001e0f1   Thumb Code    22  nrf_drv_uart.o(i.rx_enable)
    i.service_data_encode                    0x0001e10c   Section        0  ble_advdata.o(i.service_data_encode)
    service_data_encode                      0x0001e10d   Thumb Code   142  ble_advdata.o(i.service_data_encode)
    i.softdevice_assertion_handler           0x0001e19a   Section        0  softdevice_handler.o(i.softdevice_assertion_handler)
    i.softdevice_ble_evt_handler_set         0x0001e1a8   Section        0  softdevice_handler.o(i.softdevice_ble_evt_handler_set)
    i.softdevice_handler_init                0x0001e1bc   Section        0  softdevice_handler.o(i.softdevice_handler_init)
    i.timer_list_handler                     0x0001e1ec   Section        0  app_timer.o(i.timer_list_handler)
    timer_list_handler                       0x0001e1ed   Thumb Code   128  app_timer.o(i.timer_list_handler)
    i.timer_list_handler_sched               0x0001e270   Section        0  app_timer.o(i.timer_list_handler_sched)
    timer_list_handler_sched                 0x0001e271   Thumb Code    10  app_timer.o(i.timer_list_handler_sched)
    i.timer_list_insert                      0x0001e280   Section        0  app_timer.o(i.timer_list_insert)
    timer_list_insert                        0x0001e281   Thumb Code    60  app_timer.o(i.timer_list_insert)
    i.timer_timeouts_check                   0x0001e2c0   Section        0  app_timer.o(i.timer_timeouts_check)
    timer_timeouts_check                     0x0001e2c1   Thumb Code   122  app_timer.o(i.timer_timeouts_check)
    i.tx_byte                                0x0001e344   Section        0  nrf_drv_uart.o(i.tx_byte)
    tx_byte                                  0x0001e345   Thumb Code    30  nrf_drv_uart.o(i.tx_byte)
    i.tx_done_event                          0x0001e370   Section        0  nrf_drv_uart.o(i.tx_done_event)
    tx_done_event                            0x0001e371   Thumb Code    26  nrf_drv_uart.o(i.tx_done_event)
    i.uart_event_handle                      0x0001e390   Section        0  main.o(i.uart_event_handle)
    i.uart_event_handler                     0x0001e3f8   Section        0  app_uart_fifo.o(i.uart_event_handler)
    uart_event_handler                       0x0001e3f9   Thumb Code   156  app_uart_fifo.o(i.uart_event_handler)
    i.uint16_encode                          0x0001e49c   Section        0  ble_advdata.o(i.uint16_encode)
    uint16_encode                            0x0001e49d   Thumb Code    10  ble_advdata.o(i.uint16_encode)
    i.user_id_get                            0x0001e4a8   Section        0  app_timer.o(i.user_id_get)
    user_id_get                              0x0001e4a9   Thumb Code    74  app_timer.o(i.user_id_get)
    i.user_op_alloc                          0x0001e4fc   Section        0  app_timer.o(i.user_op_alloc)
    user_op_alloc                            0x0001e4fd   Thumb Code    38  app_timer.o(i.user_op_alloc)
    i.uuid_list_encode                       0x0001e522   Section        0  ble_advdata.o(i.uuid_list_encode)
    uuid_list_encode                         0x0001e523   Thumb Code    48  ble_advdata.o(i.uuid_list_encode)
    i.uuid_list_sized_encode                 0x0001e552   Section        0  ble_advdata.o(i.uuid_list_sized_encode)
    uuid_list_sized_encode                   0x0001e553   Thumb Code   174  ble_advdata.o(i.uuid_list_sized_encode)
    i.whitelist_has_entries                  0x0001e600   Section        0  ble_advertising.o(i.whitelist_has_entries)
    whitelist_has_entries                    0x0001e601   Thumb Code    16  ble_advertising.o(i.whitelist_has_entries)
    .constdata                               0x0001e610   Section       16  main.o(.constdata)
    m_advdata_update_timer                   0x0001e610   Data           4  main.o(.constdata)
    .constdata                               0x0001e620   Section       60  bsp.o(.constdata)
    m_leds_timer_id                          0x0001e620   Data           4  bsp.o(.constdata)
    m_alert_timer_id                         0x0001e624   Data           4  bsp.o(.constdata)
    m_button_timer_id                        0x0001e628   Data           4  bsp.o(.constdata)
    m_buttons_list                           0x0001e62c   Data          16  bsp.o(.constdata)
    app_buttons                              0x0001e63c   Data          32  bsp.o(.constdata)
    .constdata                               0x0001e65c   Section        4  ble_conn_params.o(.constdata)
    m_conn_params_timer_id                   0x0001e65c   Data           4  ble_conn_params.o(.constdata)
    .constdata                               0x0001e660   Section       32  app_uart_fifo.o(.constdata)
    .constdata                               0x0001e680   Section       32  nrf_drv_uart.o(.constdata)
    m_default_config                         0x0001e680   Data          32  nrf_drv_uart.o(.constdata)
    .data                                    0x20002800   Section        8  main.o(.data)
    index                                    0x20002801   Data           1  main.o(.data)
    m_conn_handle                            0x20002802   Data           2  main.o(.data)
    .data                                    0x20002808   Section       24  bsp.o(.data)
    m_stable_state                           0x20002808   Data           1  bsp.o(.data)
    current_long_push_pin_no                 0x20002809   Data           1  bsp.o(.data)
    m_app_ticks_per_100ms                    0x2000280c   Data           4  bsp.o(.data)
    m_indication_type                        0x20002810   Data           4  bsp.o(.data)
    m_alert_mask                             0x20002814   Data           4  bsp.o(.data)
    m_registered_callback                    0x20002818   Data           4  bsp.o(.data)
    release_event_at_push                    0x2000281c   Data           4  bsp.o(.data)
    .data                                    0x20002820   Section        8  bsp_btn_ble.o(.data)
    m_error_handler                          0x20002820   Data           4  bsp_btn_ble.o(.data)
    m_num_connections                        0x20002824   Data           4  bsp_btn_ble.o(.data)
    .data                                    0x20002828   Section       31  ble_advertising.o(.data)
    m_advertising_start_pending              0x20002828   Data           1  ble_advertising.o(.data)
    m_whitelist_temporarily_disabled         0x20002829   Data           1  ble_advertising.o(.data)
    m_whitelist_reply_expected               0x2000282a   Data           1  ble_advertising.o(.data)
    m_peer_addr_reply_expected               0x2000282b   Data           1  ble_advertising.o(.data)
    m_adv_evt                                0x2000282c   Data           1  ble_advertising.o(.data)
    m_adv_mode_current                       0x2000282d   Data           1  ble_advertising.o(.data)
    m_tx_power_level                         0x2000282e   Data           1  ble_advertising.o(.data)
    current_slave_link_conn_handle           0x20002830   Data           2  ble_advertising.o(.data)
    m_evt_handler                            0x20002834   Data           4  ble_advertising.o(.data)
    m_error_handler                          0x20002838   Data           4  ble_advertising.o(.data)
    m_slave_conn_int                         0x2000283c   Data           4  ble_advertising.o(.data)
    m_peer_address                           0x20002840   Data           7  ble_advertising.o(.data)
    .data                                    0x20002848   Section       20  ble_conn_params.o(.data)
    m_change_param                           0x20002848   Data           1  ble_conn_params.o(.data)
    m_update_count                           0x20002849   Data           1  ble_conn_params.o(.data)
    m_conn_handle                            0x2000284a   Data           2  ble_conn_params.o(.data)
    m_preferred_conn_params                  0x2000284c   Data           8  ble_conn_params.o(.data)
    m_current_conn_params                    0x20002854   Data           8  ble_conn_params.o(.data)
    .data                                    0x2000285c   Section        8  app_uart_fifo.o(.data)
    tx_buffer                                0x2000285c   Data           1  app_uart_fifo.o(.data)
    tx_tmp                                   0x2000285d   Data           1  app_uart_fifo.o(.data)
    rx_buffer                                0x2000285e   Data           1  app_uart_fifo.o(.data)
    m_event_handler                          0x20002860   Data           4  app_uart_fifo.o(.data)
    .data                                    0x20002864   Section       36  pstorage.o(.data)
    m_state                                  0x20002864   Data           1  pstorage.o(.data)
    m_swap_sub_state                         0x20002865   Data           1  pstorage.o(.data)
    m_next_app_instance                      0x20002866   Data           2  pstorage.o(.data)
    m_flags                                  0x20002868   Data           4  pstorage.o(.data)
    m_next_page_addr                         0x2000286c   Data           4  pstorage.o(.data)
    m_head_word_size                         0x20002870   Data           4  pstorage.o(.data)
    m_tail_word_size                         0x20002874   Data           4  pstorage.o(.data)
    m_current_page_id                        0x20002878   Data           4  pstorage.o(.data)
    m_num_of_command_retries                 0x2000287c   Data           4  pstorage.o(.data)
    m_num_of_bytes_written                   0x20002880   Data           4  pstorage.o(.data)
    m_app_data_size                          0x20002884   Data           4  pstorage.o(.data)
    .data                                    0x20002888   Section       32  app_timer.o(.data)
    m_user_array_size                        0x20002888   Data           1  app_timer.o(.data)
    m_ticks_elapsed_q_read_ind               0x20002889   Data           1  app_timer.o(.data)
    m_ticks_elapsed_q_write_ind              0x2000288a   Data           1  app_timer.o(.data)
    m_rtc1_running                           0x2000288b   Data           1  app_timer.o(.data)
    m_rtc1_reset                             0x2000288c   Data           1  app_timer.o(.data)
    mp_users                                 0x20002890   Data           4  app_timer.o(.data)
    mp_timer_id_head                         0x20002894   Data           4  app_timer.o(.data)
    m_ticks_latest                           0x20002898   Data           4  app_timer.o(.data)
    m_evt_schedule_func                      0x2000289c   Data           4  app_timer.o(.data)
    m_ticks_elapsed                          0x200028a0   Data           8  app_timer.o(.data)
    .data                                    0x200028a8   Section        4  retarget.o(.data)
    .data                                    0x200028ac   Section       20  softdevice_handler.o(.data)
    m_softdevice_enabled                     0x200028ac   Data           1  softdevice_handler.o(.data)
    m_ble_evt_buffer_size                    0x200028ae   Data           2  softdevice_handler.o(.data)
    m_evt_schedule_func                      0x200028b0   Data           4  softdevice_handler.o(.data)
    mp_ble_evt_buffer                        0x200028b4   Data           4  softdevice_handler.o(.data)
    m_ble_evt_handler                        0x200028b8   Data           4  softdevice_handler.o(.data)
    m_sys_evt_handler                        0x200028bc   Data           4  softdevice_handler.o(.data)
    .data                                    0x200028c0   Section        4  system_nrf51.o(.data)
    __tagsym$$used                           0x200028c0   Number         0  system_nrf51.o(.data)
    .bss                                     0x200028c4   Section       32  main.o(.bss)
    m_advdata_update_timer_data              0x200028c4   Data          32  main.o(.bss)
    .bss                                     0x200028e4   Section      968  main.o(.bss)
    BLE_EVT_BUFFER                           0x200028e4   Data          72  main.o(.bss)
    data_array                               0x2000292c   Data          20  main.o(.bss)
    rx_buf                                   0x20002940   Data         256  main.o(.bss)
    tx_buf                                   0x20002a40   Data         256  main.o(.bss)
    APP_TIMER_BUF                            0x20002b40   Data         312  main.o(.bss)
    m_adv_params                             0x20002c78   Data          24  main.o(.bss)
    m_nus                                    0x20002c90   Data          28  main.o(.bss)
    .bss                                     0x20002cac   Section       32  bsp.o(.bss)
    m_leds_timer_id_data                     0x20002cac   Data          32  bsp.o(.bss)
    .bss                                     0x20002ccc   Section       32  bsp.o(.bss)
    m_alert_timer_id_data                    0x20002ccc   Data          32  bsp.o(.bss)
    .bss                                     0x20002cec   Section       12  bsp.o(.bss)
    m_events_list                            0x20002cec   Data          12  bsp.o(.bss)
    .bss                                     0x20002cf8   Section       32  bsp.o(.bss)
    m_button_timer_id_data                   0x20002cf8   Data          32  bsp.o(.bss)
    .bss                                     0x20002d18   Section      259  ble_advertising.o(.bss)
    m_advdata                                0x20002d18   Data          56  ble_advertising.o(.bss)
    m_adv_modes_config                       0x20002d50   Data          36  ble_advertising.o(.bss)
    m_whitelist                              0x20002d74   Data          16  ble_advertising.o(.bss)
    mp_whitelist_addr                        0x20002d84   Data          32  ble_advertising.o(.bss)
    mp_whitelist_irk                         0x20002da4   Data          32  ble_advertising.o(.bss)
    m_manuf_specific_data                    0x20002dc4   Data          12  ble_advertising.o(.bss)
    m_manuf_data_array                       0x20002dd0   Data          31  ble_advertising.o(.bss)
    m_service_data                           0x20002df0   Data          12  ble_advertising.o(.bss)
    m_service_data_array                     0x20002dfc   Data          31  ble_advertising.o(.bss)
    .bss                                     0x20002e1c   Section       32  ble_conn_params.o(.bss)
    m_conn_params_timer_id_data              0x20002e1c   Data          32  ble_conn_params.o(.bss)
    .bss                                     0x20002e3c   Section       28  ble_conn_params.o(.bss)
    m_conn_params_config                     0x20002e3c   Data          28  ble_conn_params.o(.bss)
    .bss                                     0x20002e58   Section       32  app_uart_fifo.o(.bss)
    m_rx_fifo                                0x20002e58   Data          16  app_uart_fifo.o(.bss)
    m_tx_fifo                                0x20002e68   Data          16  app_uart_fifo.o(.bss)
    .bss                                     0x20002e78   Section       72  nrf_drv_gpiote.o(.bss)
    m_cb                                     0x20002e78   Data          72  nrf_drv_gpiote.o(.bss)
    .bss                                     0x20002ec0   Section       24  nrf_drv_uart.o(.bss)
    m_cb                                     0x20002ec0   Data          24  nrf_drv_uart.o(.bss)
    .bss                                     0x20002ed8   Section      216  pstorage.o(.bss)
    m_cmd_queue                              0x20002ed8   Data         204  pstorage.o(.bss)
    m_app_table                              0x20002fa4   Data          12  pstorage.o(.bss)
    STACK                                    0x20002fb0   Section     2048  arm_startup_nrf51.o(STACK)

    Global Symbols

    Symbol Name                              Value     Ov Type        Size  Object(Section)

    BuildAttributes$$THM_ISAv3M$S$PE$A:L22$X:L11$S22$IEEE1$IW$USESV6$~STKCKD$USESV7$~SHL$OSPACE$ROPI$EBA8$MICROLIB$REQ8$PRES8$EABIv2 0x00000000   Number         0  anon$$obj.o ABSOLUTE
    __ARM_use_no_argv                        0x00000000   Number         0  main.o ABSOLUTE
    _printf_a                                0x00000000   Number         0  stubs.o ABSOLUTE
    _printf_c                                0x00000000   Number         0  stubs.o ABSOLUTE
    _printf_charcount                        0x00000000   Number         0  stubs.o ABSOLUTE
    _printf_d                                0x00000000   Number         0  stubs.o ABSOLUTE
    _printf_e                                0x00000000   Number         0  stubs.o ABSOLUTE
    _printf_f                                0x00000000   Number         0  stubs.o ABSOLUTE
    _printf_flags                            0x00000000   Number         0  stubs.o ABSOLUTE
    _printf_fp_dec                           0x00000000   Number         0  stubs.o ABSOLUTE
    _printf_fp_hex                           0x00000000   Number         0  stubs.o ABSOLUTE
    _printf_g                                0x00000000   Number         0  stubs.o ABSOLUTE
    _printf_i                                0x00000000   Number         0  stubs.o ABSOLUTE
    _printf_int_dec                          0x00000000   Number         0  stubs.o ABSOLUTE
    _printf_l                                0x00000000   Number         0  stubs.o ABSOLUTE
    _printf_lc                               0x00000000   Number         0  stubs.o ABSOLUTE
    _printf_ll                               0x00000000   Number         0  stubs.o ABSOLUTE
    _printf_lld                              0x00000000   Number         0  stubs.o ABSOLUTE
    _printf_lli                              0x00000000   Number         0  stubs.o ABSOLUTE
    _printf_llo                              0x00000000   Number         0  stubs.o ABSOLUTE
    _printf_llu                              0x00000000   Number         0  stubs.o ABSOLUTE
    _printf_llx                              0x00000000   Number         0  stubs.o ABSOLUTE
    _printf_longlong_dec                     0x00000000   Number         0  stubs.o ABSOLUTE
    _printf_longlong_hex                     0x00000000   Number         0  stubs.o ABSOLUTE
    _printf_longlong_oct                     0x00000000   Number         0  stubs.o ABSOLUTE
    _printf_ls                               0x00000000   Number         0  stubs.o ABSOLUTE
    _printf_mbtowc                           0x00000000   Number         0  stubs.o ABSOLUTE
    _printf_n                                0x00000000   Number         0  stubs.o ABSOLUTE
    _printf_o                                0x00000000   Number         0  stubs.o ABSOLUTE
    _printf_p                                0x00000000   Number         0  stubs.o ABSOLUTE
    _printf_percent                          0x00000000   Number         0  stubs.o ABSOLUTE
    _printf_pre_padding                      0x00000000   Number         0  stubs.o ABSOLUTE
    _printf_return_value                     0x00000000   Number         0  stubs.o ABSOLUTE
    _printf_s                                0x00000000   Number         0  stubs.o ABSOLUTE
    _printf_sizespec                         0x00000000   Number         0  stubs.o ABSOLUTE
    _printf_str                              0x00000000   Number         0  stubs.o ABSOLUTE
    _printf_truncate_signed                  0x00000000   Number         0  stubs.o ABSOLUTE
    _printf_truncate_unsigned                0x00000000   Number         0  stubs.o ABSOLUTE
    _printf_u                                0x00000000   Number         0  stubs.o ABSOLUTE
    _printf_wc                               0x00000000   Number         0  stubs.o ABSOLUTE
    _printf_wctomb                           0x00000000   Number         0  stubs.o ABSOLUTE
    _printf_widthprec                        0x00000000   Number         0  stubs.o ABSOLUTE
    _printf_x                                0x00000000   Number         0  stubs.o ABSOLUTE
    __cpp_initialize__aeabi_                  - Undefined Weak Reference
    __cxa_finalize                            - Undefined Weak Reference
    __decompress                              - Undefined Weak Reference
    _clock_init                               - Undefined Weak Reference
    _microlib_exit                            - Undefined Weak Reference
    __Vectors_Size                           0x000000c0   Number         0  arm_startup_nrf51.o ABSOLUTE
    __Vectors                                0x0001c000   Data           4  arm_startup_nrf51.o(RESET)
    __Vectors_End                            0x0001c0c0   Data           0  arm_startup_nrf51.o(RESET)
    __main                                   0x0001c0c1   Thumb Code     0  entry.o(.ARM.Collect$$$$00000000)
    _main_stk                                0x0001c0c1   Thumb Code     0  entry2.o(.ARM.Collect$$$$00000001)
    _main_scatterload                        0x0001c0c5   Thumb Code     0  entry5.o(.ARM.Collect$$$$00000004)
    __main_after_scatterload                 0x0001c0c9   Thumb Code     0  entry5.o(.ARM.Collect$$$$00000004)
    _main_clock                              0x0001c0c9   Thumb Code     0  entry7b.o(.ARM.Collect$$$$00000008)
    _main_cpp_init                           0x0001c0c9   Thumb Code     0  entry8b.o(.ARM.Collect$$$$0000000A)
    _main_init                               0x0001c0c9   Thumb Code     0  entry9a.o(.ARM.Collect$$$$0000000B)
    __rt_final_cpp                           0x0001c0d1   Thumb Code     0  entry10a.o(.ARM.Collect$$$$0000000D)
    __rt_final_exit                          0x0001c0d1   Thumb Code     0  entry11a.o(.ARM.Collect$$$$0000000F)
    __asm___11_app_timer_c_cd27f9c3__nrf_delay_us 0x0001c0d5   Thumb Code    30  app_timer.o(.emb_text)
    Reset_Handler                            0x0001c0f5   Thumb Code    26  arm_startup_nrf51.o(.text)
    NMI_Handler                              0x0001c10f   Thumb Code     2  arm_startup_nrf51.o(.text)
    HardFault_Handler                        0x0001c111   Thumb Code     2  arm_startup_nrf51.o(.text)
    SVC_Handler                              0x0001c113   Thumb Code     2  arm_startup_nrf51.o(.text)
    PendSV_Handler                           0x0001c115   Thumb Code     2  arm_startup_nrf51.o(.text)
    SysTick_Handler                          0x0001c117   Thumb Code     2  arm_startup_nrf51.o(.text)
    CCM_AAR_IRQHandler                       0x0001c119   Thumb Code     0  arm_startup_nrf51.o(.text)
    ECB_IRQHandler                           0x0001c119   Thumb Code     0  arm_startup_nrf51.o(.text)
    LPCOMP_IRQHandler                        0x0001c119   Thumb Code     0  arm_startup_nrf51.o(.text)
    POWER_CLOCK_IRQHandler                   0x0001c119   Thumb Code     0  arm_startup_nrf51.o(.text)
    QDEC_IRQHandler                          0x0001c119   Thumb Code     0  arm_startup_nrf51.o(.text)
    RADIO_IRQHandler                         0x0001c119   Thumb Code     0  arm_startup_nrf51.o(.text)
    RNG_IRQHandler                           0x0001c119   Thumb Code     0  arm_startup_nrf51.o(.text)
    RTC0_IRQHandler                          0x0001c119   Thumb Code     0  arm_startup_nrf51.o(.text)
    SPI0_TWI0_IRQHandler                     0x0001c119   Thumb Code     0  arm_startup_nrf51.o(.text)
    SPI1_TWI1_IRQHandler                     0x0001c119   Thumb Code     0  arm_startup_nrf51.o(.text)
    SWI1_IRQHandler                          0x0001c119   Thumb Code     0  arm_startup_nrf51.o(.text)
    SWI3_IRQHandler                          0x0001c119   Thumb Code     0  arm_startup_nrf51.o(.text)
    SWI4_IRQHandler                          0x0001c119   Thumb Code     0  arm_startup_nrf51.o(.text)
    SWI5_IRQHandler                          0x0001c119   Thumb Code     0  arm_startup_nrf51.o(.text)
    TEMP_IRQHandler                          0x0001c119   Thumb Code     0  arm_startup_nrf51.o(.text)
    TIMER0_IRQHandler                        0x0001c119   Thumb Code     0  arm_startup_nrf51.o(.text)
    TIMER1_IRQHandler                        0x0001c119   Thumb Code     0  arm_startup_nrf51.o(.text)
    TIMER2_IRQHandler                        0x0001c119   Thumb Code     0  arm_startup_nrf51.o(.text)
    WDT_IRQHandler                           0x0001c119   Thumb Code     0  arm_startup_nrf51.o(.text)
    __aeabi_uidiv                            0x0001c12d   Thumb Code     0  uidiv.o(.text)
    __aeabi_uidivmod                         0x0001c12d   Thumb Code    44  uidiv.o(.text)
    __aeabi_memcpy                           0x0001c159   Thumb Code    36  memcpya.o(.text)
    __aeabi_memcpy4                          0x0001c159   Thumb Code     0  memcpya.o(.text)
    __aeabi_memcpy8                          0x0001c159   Thumb Code     0  memcpya.o(.text)
    __aeabi_memset                           0x0001c17d   Thumb Code    14  memseta.o(.text)
    __aeabi_memset4                          0x0001c17d   Thumb Code     0  memseta.o(.text)
    __aeabi_memset8                          0x0001c17d   Thumb Code     0  memseta.o(.text)
    __aeabi_memclr                           0x0001c18b   Thumb Code     4  memseta.o(.text)
    __aeabi_memclr4                          0x0001c18b   Thumb Code     0  memseta.o(.text)
    __aeabi_memclr8                          0x0001c18b   Thumb Code     0  memseta.o(.text)
    _memset$wrapper                          0x0001c18f   Thumb Code    18  memseta.o(.text)
    __scatterload                            0x0001c1a1   Thumb Code    28  init.o(.text)
    __scatterload_rt2                        0x0001c1a1   Thumb Code     0  init.o(.text)
    ADC_IRQHandler                           0x0001c1c5   Thumb Code    60  main.o(i.ADC_IRQHandler)
    GPIOTE_IRQHandler                        0x0001c22d   Thumb Code   234  nrf_drv_gpiote.o(i.GPIOTE_IRQHandler)
    RTC1_IRQHandler                          0x0001c379   Thumb Code    28  app_timer.o(i.RTC1_IRQHandler)
    SWI0_IRQHandler                          0x0001c399   Thumb Code     8  app_timer.o(i.SWI0_IRQHandler)
    SWI2_IRQHandler                          0x0001c3a1   Thumb Code    32  softdevice_handler.o(i.SWI2_IRQHandler)
    SystemInit                               0x0001c3c5   Thumb Code    64  system_nrf51.o(i.SystemInit)
    UART0_IRQHandler                         0x0001c419   Thumb Code   244  nrf_drv_uart.o(i.UART0_IRQHandler)
    __0printf$1                              0x0001c51d   Thumb Code    24  printf1.o(i.__0printf$1)
    __1printf$1                              0x0001c51d   Thumb Code     0  printf1.o(i.__0printf$1)
    __2printf                                0x0001c51d   Thumb Code     0  printf1.o(i.__0printf$1)
    __ARM_common_switch8                     0x0001c53d   Thumb Code    26  bsp.o(i.__ARM_common_switch8)
    __scatterload_copy                       0x0001c557   Thumb Code    14  handlers.o(i.__scatterload_copy)
    __scatterload_null                       0x0001c565   Thumb Code     2  handlers.o(i.__scatterload_null)
    __scatterload_zeroinit                   0x0001c567   Thumb Code    14  handlers.o(i.__scatterload_zeroinit)
    adv_data_encode                          0x0001c6c5   Thumb Code   534  ble_advdata.o(i.adv_data_encode)
    advdata_update_timer_timeout_handler     0x0001c961   Thumb Code    14  main.o(i.advdata_update_timer_timeout_handler)
    app_error_handler                        0x0001ca19   Thumb Code    18  app_error.o(i.app_error_handler)
    app_fifo_get                             0x0001ca35   Thumb Code    22  app_fifo.o(i.app_fifo_get)
    app_fifo_init                            0x0001ca4b   Thumb Code    36  app_fifo.o(i.app_fifo_init)
    app_fifo_put                             0x0001ca6f   Thumb Code    26  app_fifo.o(i.app_fifo_put)
    app_timer_create                         0x0001ca89   Thumb Code    40  app_timer.o(i.app_timer_create)
    app_timer_init                           0x0001cab5   Thumb Code   126  app_timer.o(i.app_timer_init)
    app_timer_start                          0x0001cb45   Thumb Code   114  app_timer.o(i.app_timer_start)
    app_timer_stop                           0x0001cbc1   Thumb Code    78  app_timer.o(i.app_timer_stop)
    app_uart_get                             0x0001cc15   Thumb Code    44  app_uart_fifo.o(i.app_uart_get)
    app_uart_init                            0x0001cc49   Thumb Code   144  app_uart_fifo.o(i.app_uart_init)
    app_uart_put                             0x0001cce9   Thumb Code    30  app_uart_fifo.o(i.app_uart_put)
    battery_level_get                        0x0001cd11   Thumb Code    64  main.o(i.battery_level_get)
    ble_advdata_set                          0x0001cd61   Thumb Code   104  ble_advdata.o(i.ble_advdata_set)
    ble_advertising_on_ble_evt               0x0001cdc9   Thumb Code   118  ble_advertising.o(i.ble_advertising_on_ble_evt)
    ble_advertising_start                    0x0001ce55   Thumb Code   470  ble_advertising.o(i.ble_advertising_start)
    ble_conn_params_on_ble_evt               0x0001d035   Thumb Code   132  ble_conn_params.o(i.ble_conn_params_on_ble_evt)
    ble_nus_on_ble_evt                       0x0001d14d   Thumb Code    88  ble_nus.o(i.ble_nus_on_ble_evt)
    ble_nus_string_send                      0x0001d1a5   Thumb Code    78  ble_nus.o(i.ble_nus_string_send)
    bsp_btn_ble_on_ble_evt                   0x0001d1f9   Thumb Code   114  bsp_btn_ble.o(i.bsp_btn_ble_on_ble_evt)
    bsp_event_to_button_action_assign        0x0001d311   Thumb Code    66  bsp.o(i.bsp_event_to_button_action_assign)
    bsp_indication_set                       0x0001d359   Thumb Code    22  bsp.o(i.bsp_indication_set)
    fputc                                    0x0001d77b   Thumb Code    14  retarget.o(i.fputc)
    intern_softdevice_events_execute         0x0001d789   Thumb Code   124  softdevice_handler.o(i.intern_softdevice_events_execute)
    main                                     0x0001da51   Thumb Code   238  main.o(i.main)
    nrf_drv_common_irq_enable                0x0001dcad   Thumb Code    78  nrf_drv_common.o(i.nrf_drv_common_irq_enable)
    nrf_drv_uart_init                        0x0001dd0d   Thumb Code   152  nrf_drv_uart.o(i.nrf_drv_uart_init)
    nrf_drv_uart_rx                          0x0001ddbd   Thumb Code   166  nrf_drv_uart.o(i.nrf_drv_uart_rx)
    nrf_drv_uart_rx_enable                   0x0001de71   Thumb Code    20  nrf_drv_uart.o(i.nrf_drv_uart_rx_enable)
    nrf_drv_uart_tx                          0x0001de89   Thumb Code   130  nrf_drv_uart.o(i.nrf_drv_uart_tx)
    pstorage_access_status_get               0x0001e039   Thumb Code    30  pstorage.o(i.pstorage_access_status_get)
    softdevice_assertion_handler             0x0001e19b   Thumb Code    12  softdevice_handler.o(i.softdevice_assertion_handler)
    softdevice_ble_evt_handler_set           0x0001e1a9   Thumb Code    16  softdevice_handler.o(i.softdevice_ble_evt_handler_set)
    softdevice_handler_init                  0x0001e1bd   Thumb Code    40  softdevice_handler.o(i.softdevice_handler_init)
    uart_event_handle                        0x0001e391   Thumb Code    92  main.o(i.uart_event_handle)
    Region$$Table$$Base                      0x0001e6a0   Number         0  anon$$obj.o(Region$$Table)
    Region$$Table$$Limit                     0x0001e6c0   Number         0  anon$$obj.o(Region$$Table)
    temperature                              0x20002800   Data           1  main.o(.data)
    m_vdd_measurement_volts                  0x20002804   Data           2  main.o(.data)
    m_vdd_measurement_raw                    0x20002806   Data           2  main.o(.data)
    __stdout                                 0x200028a8   Data           4  retarget.o(.data)
    SystemCoreClock                          0x200028c0   Data           4  system_nrf51.o(.data)
    __initial_sp                             0x200037b0   Data           0  arm_startup_nrf51.o(STACK)



==============================================================================

Memory Map of the image

  Image Entry point : 0x0001c0c1

  Load Region LR_IROM1 (Base: 0x0001c000, Size: 0x00002784, Max: 0x00024000, ABSOLUTE)

    Execution Region ER_IROM1 (Base: 0x0001c000, Size: 0x000026c0, Max: 0x00024000, ABSOLUTE)

    Base Addr    Size         Type   Attr      Idx    E Section Name        Object

    0x0001c000   0x000000c0   Data   RO         1812    RESET               arm_startup_nrf51.o
    0x0001c0c0   0x00000000   Code   RO         1854  * .ARM.Collect$$$$00000000  mc_p.l(entry.o)
    0x0001c0c0   0x00000004   Code   RO         2130    .ARM.Collect$$$$00000001  mc_p.l(entry2.o)
    0x0001c0c4   0x00000004   Code   RO         2133    .ARM.Collect$$$$00000004  mc_p.l(entry5.o)
    0x0001c0c8   0x00000000   Code   RO         2135    .ARM.Collect$$$$00000008  mc_p.l(entry7b.o)
    0x0001c0c8   0x00000000   Code   RO         2137    .ARM.Collect$$$$0000000A  mc_p.l(entry8b.o)
    0x0001c0c8   0x00000008   Code   RO         2138    .ARM.Collect$$$$0000000B  mc_p.l(entry9a.o)
    0x0001c0d0   0x00000000   Code   RO         2140    .ARM.Collect$$$$0000000D  mc_p.l(entry10a.o)
    0x0001c0d0   0x00000000   Code   RO         2142    .ARM.Collect$$$$0000000F  mc_p.l(entry11a.o)
    0x0001c0d0   0x00000004   Code   RO         2131    .ARM.Collect$$$$00002712  mc_p.l(entry2.o)
    0x0001c0d4   0x0000001e   Code   RO         1549    .emb_text           app_timer.o
    0x0001c0f2   0x00000002   PAD
    0x0001c0f4   0x00000038   Code   RO         1813    .text               arm_startup_nrf51.o
    0x0001c12c   0x0000002c   Code   RO         1857    .text               mc_p.l(uidiv.o)
    0x0001c158   0x00000024   Code   RO         1861    .text               mc_p.l(memcpya.o)
    0x0001c17c   0x00000024   Code   RO         1863    .text               mc_p.l(memseta.o)
    0x0001c1a0   0x00000024   Code   RO         2157    .text               mc_p.l(init.o)
    0x0001c1c4   0x00000068   Code   RO            4    i.ADC_IRQHandler    main.o
    0x0001c22c   0x00000108   Code   RO          832    i.GPIOTE_IRQHandler  nrf_drv_gpiote.o
    0x0001c334   0x00000044   Code   RO         1550    i.NVIC_SetPriority  app_timer.o
    0x0001c378   0x00000020   Code   RO         1551    i.RTC1_IRQHandler   app_timer.o
    0x0001c398   0x00000008   Code   RO         1552    i.SWI0_IRQHandler   app_timer.o
    0x0001c3a0   0x00000024   Code   RO         1748    i.SWI2_IRQHandler   softdevice_handler.o
    0x0001c3c4   0x00000054   Code   RO         1820    i.SystemInit        system_nrf51.o
    0x0001c418   0x00000104   Code   RO         1022    i.UART0_IRQHandler  nrf_drv_uart.o
    0x0001c51c   0x00000020   Code   RO         1914    i.__0printf$1       mc_p.l(printf1.o)
    0x0001c53c   0x0000001a   Code   RO          356    i.__ARM_common_switch8  bsp.o
    0x0001c556   0x0000000e   Code   RO         2171    i.__scatterload_copy  mc_p.l(handlers.o)
    0x0001c564   0x00000002   Code   RO         2172    i.__scatterload_null  mc_p.l(handlers.o)
    0x0001c566   0x0000000e   Code   RO         2173    i.__scatterload_zeroinit  mc_p.l(handlers.o)
    0x0001c574   0x00000150   Code   RO         1921    i._printf_core      mc_p.l(printf1.o)
    0x0001c6c4   0x00000216   Code   RO          411    i.adv_data_encode   ble_advdata.o
    0x0001c8da   0x00000002   PAD
    0x0001c8dc   0x00000084   Code   RO            7    i.advdata_update    main.o
    0x0001c960   0x00000024   Code   RO            8    i.advdata_update_timer_timeout_handler  main.o
    0x0001c984   0x0000003c   Code   RO          374    i.advertising_buttons_configure  bsp_btn_ble.o
    0x0001c9c0   0x00000058   Code   RO            9    i.advertising_start  main.o
    0x0001ca18   0x0000001c   Code   RO         1474    i.app_error_handler  app_error.o
    0x0001ca34   0x00000016   Code   RO         1496    i.app_fifo_get      app_fifo.o
    0x0001ca4a   0x00000024   Code   RO         1497    i.app_fifo_init     app_fifo.o
    0x0001ca6e   0x0000001a   Code   RO         1498    i.app_fifo_put      app_fifo.o
    0x0001ca88   0x0000002c   Code   RO         1555    i.app_timer_create  app_timer.o
    0x0001cab4   0x00000090   Code   RO         1556    i.app_timer_init    app_timer.o
    0x0001cb44   0x0000007c   Code   RO         1557    i.app_timer_start   app_timer.o
    0x0001cbc0   0x00000054   Code   RO         1558    i.app_timer_stop    app_timer.o
    0x0001cc14   0x00000034   Code   RO          703    i.app_uart_get      app_uart_fifo.o
    0x0001cc48   0x000000a0   Code   RO          704    i.app_uart_init     app_uart_fifo.o
    0x0001cce8   0x00000028   Code   RO          705    i.app_uart_put      app_uart_fifo.o
    0x0001cd10   0x00000050   Code   RO           11    i.battery_level_get  main.o
    0x0001cd60   0x00000068   Code   RO          412    i.ble_advdata_set   ble_advdata.o
    0x0001cdc8   0x0000007c   Code   RO          486    i.ble_advertising_on_ble_evt  ble_advertising.o
    0x0001ce44   0x00000010   Code   RO          489    i.ble_advertising_peer_address_clear  ble_advertising.o
    0x0001ce54   0x000001e0   Code   RO          491    i.ble_advertising_start  ble_advertising.o
    0x0001d034   0x00000090   Code   RO          568    i.ble_conn_params_on_ble_evt  ble_conn_params.o
    0x0001d0c4   0x0000005e   Code   RO          413    i.ble_device_addr_encode  ble_advdata.o
    0x0001d122   0x00000002   PAD
    0x0001d124   0x00000028   Code   RO           12    i.ble_evt_dispatch  main.o
    0x0001d14c   0x00000058   Code   RO          630    i.ble_nus_on_ble_evt  ble_nus.o
    0x0001d1a4   0x00000054   Code   RO          631    i.ble_nus_string_send  ble_nus.o
    0x0001d1f8   0x00000078   Code   RO          376    i.bsp_btn_ble_on_ble_evt  bsp_btn_ble.o
    0x0001d270   0x000000a0   Code   RO          263    i.bsp_button_event_handler  bsp.o
    0x0001d310   0x00000048   Code   RO          268    i.bsp_event_to_button_action_assign  bsp.o
    0x0001d358   0x0000001c   Code   RO          269    i.bsp_indication_set  bsp.o
    0x0001d374   0x000001f8   Code   RO          272    i.bsp_led_indication  bsp.o
    0x0001d56c   0x00000010   Code   RO          835    i.channel_port_get  nrf_drv_gpiote.o
    0x0001d57c   0x000000a8   Code   RO         1560    i.compare_reg_update  app_timer.o
    0x0001d624   0x00000088   Code   RO          414    i.conn_int_encode   ble_advdata.o
    0x0001d6ac   0x00000068   Code   RO          570    i.conn_params_negotiation  ble_conn_params.o
    0x0001d714   0x00000040   Code   RO         1561    i.elapsed_ticks_acquire  app_timer.o
    0x0001d754   0x00000014   Code   RO         1501    i.fifo_get          app_fifo.o
    0x0001d768   0x00000012   Code   RO         1502    i.fifo_put          app_fifo.o
    0x0001d77a   0x0000000e   Code   RO         1715    i.fputc             retarget.o
    0x0001d788   0x00000080   Code   RO         1749    i.intern_softdevice_events_execute  softdevice_handler.o
    0x0001d808   0x0000001c   Code   RO          571    i.is_conn_params_ok  ble_conn_params.o
    0x0001d824   0x00000048   Code   RO         1821    i.is_manual_peripheral_setup_needed  system_nrf51.o
    0x0001d86c   0x00000054   Code   RO          415    i.le_role_encode    ble_advdata.o
    0x0001d8c0   0x000000bc   Code   RO         1562    i.list_deletions_handler  app_timer.o
    0x0001d97c   0x000000d4   Code   RO         1563    i.list_insertions_handler  app_timer.o
    0x0001da50   0x00000154   Code   RO           14    i.main              main.o
    0x0001dba4   0x00000068   Code   RO          416    i.manuf_specific_data_encode  ble_advdata.o
    0x0001dc0c   0x0000009e   Code   RO          417    i.name_encode       ble_advdata.o
    0x0001dcaa   0x00000002   PAD
    0x0001dcac   0x00000060   Code   RO          806    i.nrf_drv_common_irq_enable  nrf_drv_common.o
    0x0001dd0c   0x000000b0   Code   RO         1024    i.nrf_drv_uart_init  nrf_drv_uart.o
    0x0001ddbc   0x000000b4   Code   RO         1025    i.nrf_drv_uart_rx   nrf_drv_uart.o
    0x0001de70   0x00000018   Code   RO         1028    i.nrf_drv_uart_rx_enable  nrf_drv_uart.o
    0x0001de88   0x0000008c   Code   RO         1029    i.nrf_drv_uart_tx   nrf_drv_uart.o
    0x0001df14   0x00000024   Code   RO         1032    i.nrf_gpio_cfg      nrf_drv_uart.o
    0x0001df38   0x00000012   Code   RO         1034    i.nrf_gpio_cfg_input  nrf_drv_uart.o
    0x0001df4a   0x00000014   Code   RO         1035    i.nrf_gpio_cfg_output  nrf_drv_uart.o
    0x0001df5e   0x00000002   PAD
    0x0001df60   0x00000020   Code   RO          857    i.nrf_gpio_cfg_sense_set  nrf_drv_gpiote.o
    0x0001df80   0x00000014   Code   RO          858    i.nrf_gpiote_event_is_set  nrf_drv_gpiote.o
    0x0001df94   0x0000000a   Code   RO         1036    i.nrf_uart_event_check  nrf_drv_uart.o
    0x0001df9e   0x00000010   Code   RO         1037    i.nrf_uart_int_enable_check  nrf_drv_uart.o
    0x0001dfae   0x00000002   PAD
    0x0001dfb0   0x00000070   Code   RO           15    i.on_ble_evt        main.o
    0x0001e020   0x00000016   Code   RO          493    i.peer_address_exists  ble_advertising.o
    0x0001e036   0x00000002   PAD
    0x0001e038   0x00000028   Code   RO         1187    i.pstorage_access_status_get  pstorage.o
    0x0001e060   0x00000044   Code   RO         1564    i.rtc1_stop         app_timer.o
    0x0001e0a4   0x0000002c   Code   RO         1038    i.rx_byte           nrf_drv_uart.o
    0x0001e0d0   0x00000020   Code   RO         1039    i.rx_done_event     nrf_drv_uart.o
    0x0001e0f0   0x0000001c   Code   RO         1040    i.rx_enable         nrf_drv_uart.o
    0x0001e10c   0x0000008e   Code   RO          418    i.service_data_encode  ble_advdata.o
    0x0001e19a   0x0000000c   Code   RO         1750    i.softdevice_assertion_handler  softdevice_handler.o
    0x0001e1a6   0x00000002   PAD
    0x0001e1a8   0x00000014   Code   RO         1751    i.softdevice_ble_evt_handler_set  softdevice_handler.o
    0x0001e1bc   0x00000030   Code   RO         1752    i.softdevice_handler_init  softdevice_handler.o
    0x0001e1ec   0x00000084   Code   RO         1565    i.timer_list_handler  app_timer.o
    0x0001e270   0x00000010   Code   RO         1566    i.timer_list_handler_sched  app_timer.o
    0x0001e280   0x00000040   Code   RO         1567    i.timer_list_insert  app_timer.o
    0x0001e2c0   0x00000084   Code   RO         1568    i.timer_timeouts_check  app_timer.o
    0x0001e344   0x0000002c   Code   RO         1041    i.tx_byte           nrf_drv_uart.o
    0x0001e370   0x00000020   Code   RO         1042    i.tx_done_event     nrf_drv_uart.o
    0x0001e390   0x00000068   Code   RO           16    i.uart_event_handle  main.o
    0x0001e3f8   0x000000a4   Code   RO          706    i.uart_event_handler  app_uart_fifo.o
    0x0001e49c   0x0000000a   Code   RO          419    i.uint16_encode     ble_advdata.o
    0x0001e4a6   0x00000002   PAD
    0x0001e4a8   0x00000054   Code   RO         1569    i.user_id_get       app_timer.o
    0x0001e4fc   0x00000026   Code   RO         1570    i.user_op_alloc     app_timer.o
    0x0001e522   0x00000030   Code   RO          420    i.uuid_list_encode  ble_advdata.o
    0x0001e552   0x000000ae   Code   RO          421    i.uuid_list_sized_encode  ble_advdata.o
    0x0001e600   0x00000010   Code   RO          494    i.whitelist_has_entries  ble_advertising.o
    0x0001e610   0x00000010   Data   RO           19    .constdata          main.o
    0x0001e620   0x0000003c   Data   RO          280    .constdata          bsp.o
    0x0001e65c   0x00000004   Data   RO          575    .constdata          ble_conn_params.o
    0x0001e660   0x00000020   Data   RO          708    .constdata          app_uart_fifo.o
    0x0001e680   0x00000020   Data   RO         1044    .constdata          nrf_drv_uart.o
    0x0001e6a0   0x00000020   Data   RO         2169    Region$$Table       anon$$obj.o


    Execution Region RW_IRAM1 (Base: 0x20002800, Size: 0x00000fb0, Max: 0x00005800, ABSOLUTE)

    Base Addr    Size         Type   Attr      Idx    E Section Name        Object

    0x20002800   0x00000008   Data   RW           20    .data               main.o
    0x20002808   0x00000018   Data   RW          281    .data               bsp.o
    0x20002820   0x00000008   Data   RW          378    .data               bsp_btn_ble.o
    0x20002828   0x0000001f   Data   RW          496    .data               ble_advertising.o
    0x20002847   0x00000001   PAD
    0x20002848   0x00000014   Data   RW          576    .data               ble_conn_params.o
    0x2000285c   0x00000008   Data   RW          709    .data               app_uart_fifo.o
    0x20002864   0x00000024   Data   RW         1212    .data               pstorage.o
    0x20002888   0x00000020   Data   RW         1571    .data               app_timer.o
    0x200028a8   0x00000004   Data   RW         1716    .data               retarget.o
    0x200028ac   0x00000014   Data   RW         1756    .data               softdevice_handler.o
    0x200028c0   0x00000004   Data   RW         1822    .data               system_nrf51.o
    0x200028c4   0x00000020   Zero   RW           17    .bss                main.o
    0x200028e4   0x000003c8   Zero   RW           18    .bss                main.o
    0x20002cac   0x00000020   Zero   RW          276    .bss                bsp.o
    0x20002ccc   0x00000020   Zero   RW          277    .bss                bsp.o
    0x20002cec   0x0000000c   Zero   RW          278    .bss                bsp.o
    0x20002cf8   0x00000020   Zero   RW          279    .bss                bsp.o
    0x20002d18   0x00000103   Zero   RW          495    .bss                ble_advertising.o
    0x20002e1b   0x00000001   PAD
    0x20002e1c   0x00000020   Zero   RW          573    .bss                ble_conn_params.o
    0x20002e3c   0x0000001c   Zero   RW          574    .bss                ble_conn_params.o
    0x20002e58   0x00000020   Zero   RW          707    .bss                app_uart_fifo.o
    0x20002e78   0x00000048   Zero   RW          861    .bss                nrf_drv_gpiote.o
    0x20002ec0   0x00000018   Zero   RW         1043    .bss                nrf_drv_uart.o
    0x20002ed8   0x000000d8   Zero   RW         1210    .bss                pstorage.o
    0x20002fb0   0x00000800   Zero   RW         1810    STACK               arm_startup_nrf51.o


==============================================================================

Image component sizes


      Code (inc. data)   RO Data    RW Data    ZI Data      Debug   Object Name

        28         10          0          0          0       7672   app_error.o
       122          0          0          0          0       4254   app_fifo.o
      1700        152          0         32          0      28823   app_timer.o
       416         42         32          8         32      11658   app_uart_fifo.o
        56         18        192          0       2048        704   arm_startup_nrf51.o
      1588          6          0          0          0      18820   ble_advdata.o
       658         20          0         31        259       5921   ble_advertising.o
       276         28          4         20         60      11489   ble_conn_params.o
       172          6          0          0          0       3171   ble_nus.o
       790         62         60         24        108       5985   bsp.o
       180          6          0          8          0       3189   bsp_btn_ble.o
      1036        276         16          8       1000      95147   main.o
        96         18          0          0          0       8428   nrf_drv_common.o
       332         48          0          0         72      13224   nrf_drv_gpiote.o
      1060        116         32          0         24      22492   nrf_drv_uart.o
        40         10          0         36        216       9773   pstorage.o
        14          0          0          4          0       2802   retarget.o
       244         20          0         20          0       5879   softdevice_handler.o
       156         26          0          4          0       2167   system_nrf51.o

    ----------------------------------------------------------------------
      8982        864        368        196       3820     261598   Object Totals
         0          0         32          0          0          0   (incl. Generated)
        18          0          0          1          1          0   (incl. Padding)

    ----------------------------------------------------------------------

      Code (inc. data)   RO Data    RW Data    ZI Data      Debug   Library Member Name

         0          0          0          0          0          0   entry.o
         0          0          0          0          0          0   entry10a.o
         0          0          0          0          0          0   entry11a.o
         8          4          0          0          0          0   entry2.o
         4          0          0          0          0          0   entry5.o
         0          0          0          0          0          0   entry7b.o
         0          0          0          0          0          0   entry8b.o
         8          4          0          0          0          0   entry9a.o
        30          0          0          0          0          0   handlers.o
        36          8          0          0          0         68   init.o
        36          0          0          0          0         60   memcpya.o
        36          0          0          0          0        100   memseta.o
       368         12          0          0          0        168   printf1.o
        44          0          0          0          0         72   uidiv.o

    ----------------------------------------------------------------------
       570         28          0          0          0        468   Library Totals
         0          0          0          0          0          0   (incl. Padding)

    ----------------------------------------------------------------------

      Code (inc. data)   RO Data    RW Data    ZI Data      Debug   Library Name

       570         28          0          0          0        468   mc_p.l

    ----------------------------------------------------------------------
       570         28          0          0          0        468   Library Totals

    ----------------------------------------------------------------------

==============================================================================


      Code (inc. data)   RO Data    RW Data    ZI Data      Debug   

      9552        892        368        196       3820     257942   Grand Totals
      9552        892        368        196       3820     257942   ELF Image Totals
      9552        892        368        196          0          0   ROM Totals

==============================================================================

    Total RO  Size (Code + RO Data)                 9920 (   9.69kB)
    Total RW  Size (RW Data + ZI Data)              4016 (   3.92kB)
    Total ROM Size (Code + RO Data + RW Data)      10116 (   9.88kB)

==============================================================================

